[DEBUG] 2026-10-08 22:49:48.169 [http-nio-8080-exec-3] IntegratorServiceImpl - Adding Integrator [org.hibernate.cfg.beanvalidation.BeanValidationIntegrator].
[DEBUG] 2026-10-08 22:49:48.225 [http-nio-8080-exec-3] IntegratorServiceImpl - Adding Integrator [org.hibernate.secure.spi.JaccIntegrator].
[DEBUG] 2026-10-08 22:49:48.274 [http-nio-8080-exec-3] IntegratorServiceImpl - Adding Integrator [org.hibernate.cache.internal.CollectionCacheInvalidator].
[INFO ] 2026-10-08 22:49:48.725 [http-nio-8080-exec-3] Version - HHH000412: Hibernate ORM core version 5.6.15.Final
[DEBUG] 2026-10-08 22:49:48.739 [http-nio-8080-exec-3] Environment - HHH000206: hibernate.properties not found
[DEBUG] 2026-10-08 22:49:50.725 [http-nio-8080-exec-3] LocalXmlResourceResolver - Interpreting public/system identifier : [-//Hibernate/Hibernate Configuration DTD//EN] - [http://www.hibernate.org/dtd/hibernate-configuration-3.0.dtd]
[DEBUG] 2026-10-08 22:49:50.728 [http-nio-8080-exec-3] LocalXmlResourceResolver - Recognized hibernate-configuration identifier; attempting to resolve on classpath under org/hibernate/
[DEBUG] 2026-10-08 22:49:50.745 [http-nio-8080-exec-3] JaxbCfgProcessor - cfg.xml document did not define namespaces; wrapping in custom event reader to introduce namespace information
[DEBUG] 2026-10-08 22:49:52.331 [http-nio-8080-exec-3] ServiceBinding - Overriding existing service binding [org.hibernate.secure.spi.JaccService]
[DEBUG] 2026-10-08 22:49:52.459 [http-nio-8080-exec-3] RegionFactoryInitiator - Cannot default RegionFactory based on registered strategies as `[]` RegionFactory strategies were registered
[DEBUG] 2026-10-08 22:49:52.467 [http-nio-8080-exec-3] RegionFactoryInitiator - Cache region factory : org.hibernate.cache.internal.NoCachingRegionFactory
[INFO ] 2026-10-08 22:49:52.678 [http-nio-8080-exec-3] Version - HCANN000001: Hibernate Commons Annotations {5.1.2.Final}
[DEBUG] 2026-10-08 22:49:53.065 [http-nio-8080-exec-3] BasicTypeRegistry - Adding type registration boolean -> org.hibernate.type.BooleanType@52fec113
[DEBUG] 2026-10-08 22:49:53.065 [http-nio-8080-exec-3] BasicTypeRegistry - Adding type registration boolean -> org.hibernate.type.BooleanType@52fec113
[DEBUG] 2026-10-08 22:49:53.065 [http-nio-8080-exec-3] BasicTypeRegistry - Adding type registration java.lang.Boolean -> org.hibernate.type.BooleanType@52fec113
[DEBUG] 2026-10-08 22:49:53.070 [http-nio-8080-exec-3] BasicTypeRegistry - Adding type registration numeric_boolean -> org.hibernate.type.NumericBooleanType@40378fe2
[DEBUG] 2026-10-08 22:49:53.075 [http-nio-8080-exec-3] BasicTypeRegistry - Adding type registration true_false -> org.hibernate.type.TrueFalseType@57efd24d
[DEBUG] 2026-10-08 22:49:53.078 [http-nio-8080-exec-3] BasicTypeRegistry - Adding type registration yes_no -> org.hibernate.type.YesNoType@56992c0f
[DEBUG] 2026-10-08 22:49:53.086 [http-nio-8080-exec-3] BasicTypeRegistry - Adding type registration byte -> org.hibernate.type.ByteType@19c3954c
[DEBUG] 2026-10-08 22:49:53.086 [http-nio-8080-exec-3] BasicTypeRegistry - Adding type registration byte -> org.hibernate.type.ByteType@19c3954c
[DEBUG] 2026-10-08 22:49:53.088 [http-nio-8080-exec-3] BasicTypeRegistry - Adding type registration java.lang.Byte -> org.hibernate.type.ByteType@19c3954c
[DEBUG] 2026-10-08 22:49:53.088 [http-nio-8080-exec-3] BasicTypeRegistry - Adding type registration character -> org.hibernate.type.CharacterType@705ba6f1
[DEBUG] 2026-10-08 22:49:53.088 [http-nio-8080-exec-3] BasicTypeRegistry - Adding type registration char -> org.hibernate.type.CharacterType@705ba6f1
[DEBUG] 2026-10-08 22:49:53.088 [http-nio-8080-exec-3] BasicTypeRegistry - Adding type registration java.lang.Character -> org.hibernate.type.CharacterType@705ba6f1
[DEBUG] 2026-10-08 22:49:53.098 [http-nio-8080-exec-3] BasicTypeRegistry - Adding type registration short -> org.hibernate.type.ShortType@7e4a1e6c
[DEBUG] 2026-10-08 22:49:53.098 [http-nio-8080-exec-3] BasicTypeRegistry - Adding type registration short -> org.hibernate.type.ShortType@7e4a1e6c
[DEBUG] 2026-10-08 22:49:53.098 [http-nio-8080-exec-3] BasicTypeRegistry - Adding type registration java.lang.Short -> org.hibernate.type.ShortType@7e4a1e6c
[DEBUG] 2026-10-08 22:49:53.107 [http-nio-8080-exec-3] BasicTypeRegistry - Adding type registration integer -> org.hibernate.type.IntegerType@2b349471
[DEBUG] 2026-10-08 22:49:53.109 [http-nio-8080-exec-3] BasicTypeRegistry - Adding type registration int -> org.hibernate.type.IntegerType@2b349471
[DEBUG] 2026-10-08 22:49:53.109 [http-nio-8080-exec-3] BasicTypeRegistry - Adding type registration java.lang.Integer -> org.hibernate.type.IntegerType@2b349471
[DEBUG] 2026-10-08 22:49:53.115 [http-nio-8080-exec-3] BasicTypeRegistry - Adding type registration long -> org.hibernate.type.LongType@4895d061
[DEBUG] 2026-10-08 22:49:53.115 [http-nio-8080-exec-3] BasicTypeRegistry - Adding type registration long -> org.hibernate.type.LongType@4895d061
[DEBUG] 2026-10-08 22:49:53.115 [http-nio-8080-exec-3] BasicTypeRegistry - Adding type registration java.lang.Long -> org.hibernate.type.LongType@4895d061
[DEBUG] 2026-10-08 22:49:53.120 [http-nio-8080-exec-3] BasicTypeRegistry - Adding type registration float -> org.hibernate.type.FloatType@5a6056b5
[DEBUG] 2026-10-08 22:49:53.120 [http-nio-8080-exec-3] BasicTypeRegistry - Adding type registration float -> org.hibernate.type.FloatType@5a6056b5
[DEBUG] 2026-10-08 22:49:53.120 [http-nio-8080-exec-3] BasicTypeRegistry - Adding type registration java.lang.Float -> org.hibernate.type.FloatType@5a6056b5
[DEBUG] 2026-10-08 22:49:53.128 [http-nio-8080-exec-3] BasicTypeRegistry - Adding type registration double -> org.hibernate.type.DoubleType@1fa45742
[DEBUG] 2026-10-08 22:49:53.128 [http-nio-8080-exec-3] BasicTypeRegistry - Adding type registration double -> org.hibernate.type.DoubleType@1fa45742
[DEBUG] 2026-10-08 22:49:53.128 [http-nio-8080-exec-3] BasicTypeRegistry - Adding type registration java.lang.Double -> org.hibernate.type.DoubleType@1fa45742
[DEBUG] 2026-10-08 22:49:53.136 [http-nio-8080-exec-3] BasicTypeRegistry - Adding type registration big_decimal -> org.hibernate.type.BigDecimalType@398f10c4
[DEBUG] 2026-10-08 22:49:53.136 [http-nio-8080-exec-3] BasicTypeRegistry - Adding type registration java.math.BigDecimal -> org.hibernate.type.BigDecimalType@398f10c4
[DEBUG] 2026-10-08 22:49:53.145 [http-nio-8080-exec-3] BasicTypeRegistry - Adding type registration big_integer -> org.hibernate.type.BigIntegerType@7684b76f
[DEBUG] 2026-10-08 22:49:53.145 [http-nio-8080-exec-3] BasicTypeRegistry - Adding type registration java.math.BigInteger -> org.hibernate.type.BigIntegerType@7684b76f
[DEBUG] 2026-10-08 22:49:53.150 [http-nio-8080-exec-3] BasicTypeRegistry - Adding type registration string -> org.hibernate.type.StringType@f3ac763
[DEBUG] 2026-10-08 22:49:53.150 [http-nio-8080-exec-3] BasicTypeRegistry - Adding type registration java.lang.String -> org.hibernate.type.StringType@f3ac763
[DEBUG] 2026-10-08 22:49:53.155 [http-nio-8080-exec-3] BasicTypeRegistry - Adding type registration nstring -> org.hibernate.type.StringNVarcharType@72444fd1
[DEBUG] 2026-10-08 22:49:53.157 [http-nio-8080-exec-3] BasicTypeRegistry - Adding type registration ncharacter -> org.hibernate.type.CharacterNCharType@2c2b7d4b
[DEBUG] 2026-10-08 22:49:53.161 [http-nio-8080-exec-3] BasicTypeRegistry - Adding type registration url -> org.hibernate.type.UrlType@48490c33
[DEBUG] 2026-10-08 22:49:53.161 [http-nio-8080-exec-3] BasicTypeRegistry - Adding type registration java.net.URL -> org.hibernate.type.UrlType@48490c33
[DEBUG] 2026-10-08 22:49:53.170 [http-nio-8080-exec-3] BasicTypeRegistry - Adding type registration Duration -> org.hibernate.type.DurationType@674a540
[DEBUG] 2026-10-08 22:49:53.170 [http-nio-8080-exec-3] BasicTypeRegistry - Adding type registration java.time.Duration -> org.hibernate.type.DurationType@674a540
[DEBUG] 2026-10-08 22:49:53.179 [http-nio-8080-exec-3] BasicTypeRegistry - Adding type registration Instant -> org.hibernate.type.InstantType@57717616
[DEBUG] 2026-10-08 22:49:53.179 [http-nio-8080-exec-3] BasicTypeRegistry - Adding type registration java.time.Instant -> org.hibernate.type.InstantType@57717616
[DEBUG] 2026-10-08 22:49:53.185 [http-nio-8080-exec-3] BasicTypeRegistry - Adding type registration LocalDateTime -> org.hibernate.type.LocalDateTimeType@6e26c362
[DEBUG] 2026-10-08 22:49:53.185 [http-nio-8080-exec-3] BasicTypeRegistry - Adding type registration java.time.LocalDateTime -> org.hibernate.type.LocalDateTimeType@6e26c362
[DEBUG] 2026-10-08 22:49:53.192 [http-nio-8080-exec-3] BasicTypeRegistry - Adding type registration LocalDate -> org.hibernate.type.LocalDateType@eb51fe1
[DEBUG] 2026-10-08 22:49:53.193 [http-nio-8080-exec-3] BasicTypeRegistry - Adding type registration java.time.LocalDate -> org.hibernate.type.LocalDateType@eb51fe1
[DEBUG] 2026-10-08 22:49:53.196 [http-nio-8080-exec-3] BasicTypeRegistry - Adding type registration LocalTime -> org.hibernate.type.LocalTimeType@639bfe7f
[DEBUG] 2026-10-08 22:49:53.200 [http-nio-8080-exec-3] BasicTypeRegistry - Adding type registration java.time.LocalTime -> org.hibernate.type.LocalTimeType@639bfe7f
[DEBUG] 2026-10-08 22:49:53.205 [http-nio-8080-exec-3] BasicTypeRegistry - Adding type registration OffsetDateTime -> org.hibernate.type.OffsetDateTimeType@5684b9a0
[DEBUG] 2026-10-08 22:49:53.205 [http-nio-8080-exec-3] BasicTypeRegistry - Adding type registration java.time.OffsetDateTime -> org.hibernate.type.OffsetDateTimeType@5684b9a0
[DEBUG] 2026-10-08 22:49:53.215 [http-nio-8080-exec-3] BasicTypeRegistry - Adding type registration OffsetTime -> org.hibernate.type.OffsetTimeType@5d267ee8
[DEBUG] 2026-10-08 22:49:53.215 [http-nio-8080-exec-3] BasicTypeRegistry - Adding type registration java.time.OffsetTime -> org.hibernate.type.OffsetTimeType@5d267ee8
[DEBUG] 2026-10-08 22:49:53.220 [http-nio-8080-exec-3] BasicTypeRegistry - Adding type registration ZonedDateTime -> org.hibernate.type.ZonedDateTimeType@23533033
[DEBUG] 2026-10-08 22:49:53.220 [http-nio-8080-exec-3] BasicTypeRegistry - Adding type registration java.time.ZonedDateTime -> org.hibernate.type.ZonedDateTimeType@23533033
[DEBUG] 2026-10-08 22:49:53.232 [http-nio-8080-exec-3] BasicTypeRegistry - Adding type registration date -> org.hibernate.type.DateType@11990665
[DEBUG] 2026-10-08 22:49:53.232 [http-nio-8080-exec-3] BasicTypeRegistry - Adding type registration java.sql.Date -> org.hibernate.type.DateType@11990665
[DEBUG] 2026-10-08 22:49:53.239 [http-nio-8080-exec-3] BasicTypeRegistry - Adding type registration time -> org.hibernate.type.TimeType@47ab101f
[DEBUG] 2026-10-08 22:49:53.239 [http-nio-8080-exec-3] BasicTypeRegistry - Adding type registration java.sql.Time -> org.hibernate.type.TimeType@47ab101f
[DEBUG] 2026-10-08 22:49:53.247 [http-nio-8080-exec-3] BasicTypeRegistry - Adding type registration timestamp -> org.hibernate.type.TimestampType@19fd0be4
[DEBUG] 2026-10-08 22:49:53.247 [http-nio-8080-exec-3] BasicTypeRegistry - Adding type registration java.sql.Timestamp -> org.hibernate.type.TimestampType@19fd0be4
[DEBUG] 2026-10-08 22:49:53.247 [http-nio-8080-exec-3] BasicTypeRegistry - Adding type registration java.util.Date -> org.hibernate.type.TimestampType@19fd0be4
[DEBUG] 2026-10-08 22:49:53.252 [http-nio-8080-exec-3] BasicTypeRegistry - Adding type registration dbtimestamp -> org.hibernate.type.DbTimestampType@3baf4a1b
[DEBUG] 2026-10-08 22:49:53.256 [http-nio-8080-exec-3] BasicTypeRegistry - Adding type registration calendar -> org.hibernate.type.CalendarType@3ce900d7
[DEBUG] 2026-10-08 22:49:53.256 [http-nio-8080-exec-3] BasicTypeRegistry - Adding type registration java.util.Calendar -> org.hibernate.type.CalendarType@3ce900d7
[DEBUG] 2026-10-08 22:49:53.256 [http-nio-8080-exec-3] BasicTypeRegistry - Adding type registration java.util.GregorianCalendar -> org.hibernate.type.CalendarType@3ce900d7
[DEBUG] 2026-10-08 22:49:53.263 [http-nio-8080-exec-3] BasicTypeRegistry - Adding type registration calendar_date -> org.hibernate.type.CalendarDateType@46614362
[DEBUG] 2026-10-08 22:49:53.269 [http-nio-8080-exec-3] BasicTypeRegistry - Adding type registration calendar_time -> org.hibernate.type.CalendarTimeType@20eeb347
[DEBUG] 2026-10-08 22:49:53.275 [http-nio-8080-exec-3] BasicTypeRegistry - Adding type registration locale -> org.hibernate.type.LocaleType@329ab56f
[DEBUG] 2026-10-08 22:49:53.275 [http-nio-8080-exec-3] BasicTypeRegistry - Adding type registration java.util.Locale -> org.hibernate.type.LocaleType@329ab56f
[DEBUG] 2026-10-08 22:49:53.283 [http-nio-8080-exec-3] BasicTypeRegistry - Adding type registration currency -> org.hibernate.type.CurrencyType@21a86a94
[DEBUG] 2026-10-08 22:49:53.283 [http-nio-8080-exec-3] BasicTypeRegistry - Adding type registration java.util.Currency -> org.hibernate.type.CurrencyType@21a86a94
[DEBUG] 2026-10-08 22:49:53.288 [http-nio-8080-exec-3] BasicTypeRegistry - Adding type registration timezone -> org.hibernate.type.TimeZoneType@2cd711bc
[DEBUG] 2026-10-08 22:49:53.288 [http-nio-8080-exec-3] BasicTypeRegistry - Adding type registration java.util.TimeZone -> org.hibernate.type.TimeZoneType@2cd711bc
[DEBUG] 2026-10-08 22:49:53.295 [http-nio-8080-exec-3] BasicTypeRegistry - Adding type registration class -> org.hibernate.type.ClassType@32540a8
[DEBUG] 2026-10-08 22:49:53.295 [http-nio-8080-exec-3] BasicTypeRegistry - Adding type registration java.lang.Class -> org.hibernate.type.ClassType@32540a8
[DEBUG] 2026-10-08 22:49:53.300 [http-nio-8080-exec-3] BasicTypeRegistry - Adding type registration uuid-binary -> org.hibernate.type.UUIDBinaryType@79bf6ab0
[DEBUG] 2026-10-08 22:49:53.300 [http-nio-8080-exec-3] BasicTypeRegistry - Adding type registration java.util.UUID -> org.hibernate.type.UUIDBinaryType@79bf6ab0
[DEBUG] 2026-10-08 22:49:53.303 [http-nio-8080-exec-3] BasicTypeRegistry - Adding type registration uuid-char -> org.hibernate.type.UUIDCharType@3317a2e1
[DEBUG] 2026-10-08 22:49:53.310 [http-nio-8080-exec-3] BasicTypeRegistry - Adding type registration binary -> org.hibernate.type.BinaryType@76c4fadb
[DEBUG] 2026-10-08 22:49:53.310 [http-nio-8080-exec-3] BasicTypeRegistry - Adding type registration byte[] -> org.hibernate.type.BinaryType@76c4fadb
[DEBUG] 2026-10-08 22:49:53.310 [http-nio-8080-exec-3] BasicTypeRegistry - Adding type registration [B -> org.hibernate.type.BinaryType@76c4fadb
[DEBUG] 2026-10-08 22:49:53.315 [http-nio-8080-exec-3] BasicTypeRegistry - Adding type registration wrapper-binary -> org.hibernate.type.WrapperBinaryType@f58c351
[DEBUG] 2026-10-08 22:49:53.315 [http-nio-8080-exec-3] BasicTypeRegistry - Adding type registration Byte[] -> org.hibernate.type.WrapperBinaryType@f58c351
[DEBUG] 2026-10-08 22:49:53.315 [http-nio-8080-exec-3] BasicTypeRegistry - Adding type registration [Ljava.lang.Byte; -> org.hibernate.type.WrapperBinaryType@f58c351
[DEBUG] 2026-10-08 22:49:53.325 [http-nio-8080-exec-3] BasicTypeRegistry - Adding type registration row_version -> org.hibernate.type.RowVersionType@df201ee
[DEBUG] 2026-10-08 22:49:53.328 [http-nio-8080-exec-3] BasicTypeRegistry - Adding type registration image -> org.hibernate.type.ImageType@6ebab1ef
[DEBUG] 2026-10-08 22:49:53.335 [http-nio-8080-exec-3] BasicTypeRegistry - Adding type registration characters -> org.hibernate.type.CharArrayType@66ef634e
[DEBUG] 2026-10-08 22:49:53.335 [http-nio-8080-exec-3] BasicTypeRegistry - Adding type registration char[] -> org.hibernate.type.CharArrayType@66ef634e
[DEBUG] 2026-10-08 22:49:53.335 [http-nio-8080-exec-3] BasicTypeRegistry - Adding type registration [C -> org.hibernate.type.CharArrayType@66ef634e
[DEBUG] 2026-10-08 22:49:53.343 [http-nio-8080-exec-3] BasicTypeRegistry - Adding type registration wrapper-characters -> org.hibernate.type.CharacterArrayType@614e6687
[DEBUG] 2026-10-08 22:49:53.343 [http-nio-8080-exec-3] BasicTypeRegistry - Adding type registration [Ljava.lang.Character; -> org.hibernate.type.CharacterArrayType@614e6687
[DEBUG] 2026-10-08 22:49:53.343 [http-nio-8080-exec-3] BasicTypeRegistry - Adding type registration Character[] -> org.hibernate.type.CharacterArrayType@614e6687
[DEBUG] 2026-10-08 22:49:53.347 [http-nio-8080-exec-3] BasicTypeRegistry - Adding type registration text -> org.hibernate.type.TextType@727c1763
[DEBUG] 2026-10-08 22:49:53.347 [http-nio-8080-exec-3] BasicTypeRegistry - Adding type registration ntext -> org.hibernate.type.NTextType@61d76005
[DEBUG] 2026-10-08 22:49:53.357 [http-nio-8080-exec-3] BasicTypeRegistry - Adding type registration blob -> org.hibernate.type.BlobType@1d08953
[DEBUG] 2026-10-08 22:49:53.359 [http-nio-8080-exec-3] BasicTypeRegistry - Adding type registration java.sql.Blob -> org.hibernate.type.BlobType@1d08953
[DEBUG] 2026-10-08 22:49:53.362 [http-nio-8080-exec-3] BasicTypeRegistry - Adding type registration materialized_blob -> org.hibernate.type.MaterializedBlobType@44d3aab2
[DEBUG] 2026-10-08 22:49:53.370 [http-nio-8080-exec-3] BasicTypeRegistry - Adding type registration clob -> org.hibernate.type.ClobType@6de37f5f
[DEBUG] 2026-10-08 22:49:53.370 [http-nio-8080-exec-3] BasicTypeRegistry - Adding type registration java.sql.Clob -> org.hibernate.type.ClobType@6de37f5f
[DEBUG] 2026-10-08 22:49:53.380 [http-nio-8080-exec-3] BasicTypeRegistry - Adding type registration nclob -> org.hibernate.type.NClobType@5e5e0656
[DEBUG] 2026-10-08 22:49:53.380 [http-nio-8080-exec-3] BasicTypeRegistry - Adding type registration java.sql.NClob -> org.hibernate.type.NClobType@5e5e0656
[DEBUG] 2026-10-08 22:49:53.385 [http-nio-8080-exec-3] BasicTypeRegistry - Adding type registration materialized_clob -> org.hibernate.type.MaterializedClobType@9dd6b89
[DEBUG] 2026-10-08 22:49:53.386 [http-nio-8080-exec-3] BasicTypeRegistry - Adding type registration materialized_nclob -> org.hibernate.type.MaterializedNClobType@79780c6d
[DEBUG] 2026-10-08 22:49:53.397 [http-nio-8080-exec-3] BasicTypeRegistry - Adding type registration serializable -> org.hibernate.type.SerializableType@2292aebd
[DEBUG] 2026-10-08 22:49:53.415 [http-nio-8080-exec-3] BasicTypeRegistry - Adding type registration object -> org.hibernate.type.ObjectType@4a616b60
[DEBUG] 2026-10-08 22:49:53.420 [http-nio-8080-exec-3] BasicTypeRegistry - Adding type registration java.lang.Object -> org.hibernate.type.ObjectType@4a616b60
[DEBUG] 2026-10-08 22:49:53.423 [http-nio-8080-exec-3] BasicTypeRegistry - Adding type registration imm_date -> org.hibernate.type.AdaptedImmutableType@74d7b34b
[DEBUG] 2026-10-08 22:49:53.423 [http-nio-8080-exec-3] BasicTypeRegistry - Adding type registration imm_time -> org.hibernate.type.AdaptedImmutableType@4493cbe0
[DEBUG] 2026-10-08 22:49:53.423 [http-nio-8080-exec-3] BasicTypeRegistry - Adding type registration imm_timestamp -> org.hibernate.type.AdaptedImmutableType@125c1d45
[DEBUG] 2026-10-08 22:49:53.425 [http-nio-8080-exec-3] BasicTypeRegistry - Adding type registration imm_dbtimestamp -> org.hibernate.type.AdaptedImmutableType@40055837
[DEBUG] 2026-10-08 22:49:53.425 [http-nio-8080-exec-3] BasicTypeRegistry - Adding type registration imm_calendar -> org.hibernate.type.AdaptedImmutableType@981f697
[DEBUG] 2026-10-08 22:49:53.425 [http-nio-8080-exec-3] BasicTypeRegistry - Adding type registration imm_calendar_date -> org.hibernate.type.AdaptedImmutableType@5317e08c
[DEBUG] 2026-10-08 22:49:53.425 [http-nio-8080-exec-3] BasicTypeRegistry - Adding type registration imm_binary -> org.hibernate.type.AdaptedImmutableType@21d3799e
[DEBUG] 2026-10-08 22:49:53.426 [http-nio-8080-exec-3] BasicTypeRegistry - Adding type registration imm_serializable -> org.hibernate.type.AdaptedImmutableType@4b7d4973
[DEBUG] 2026-10-08 22:49:53.650 [http-nio-8080-exec-3] DefaultIdentifierGeneratorFactory - Registering IdentifierGenerator strategy [uuid2] -> [org.hibernate.id.UUIDGenerator]
[DEBUG] 2026-10-08 22:49:53.653 [http-nio-8080-exec-3] DefaultIdentifierGeneratorFactory - Registering IdentifierGenerator strategy [guid] -> [org.hibernate.id.GUIDGenerator]
[DEBUG] 2026-10-08 22:49:53.660 [http-nio-8080-exec-3] DefaultIdentifierGeneratorFactory - Registering IdentifierGenerator strategy [uuid] -> [org.hibernate.id.UUIDHexGenerator]
[DEBUG] 2026-10-08 22:49:53.660 [http-nio-8080-exec-3] DefaultIdentifierGeneratorFactory - Registering IdentifierGenerator strategy [uuid.hex] -> [org.hibernate.id.UUIDHexGenerator]
[DEBUG] 2026-10-08 22:49:53.661 [http-nio-8080-exec-3] DefaultIdentifierGeneratorFactory - Registering IdentifierGenerator strategy [assigned] -> [org.hibernate.id.Assigned]
[DEBUG] 2026-10-08 22:49:53.671 [http-nio-8080-exec-3] DefaultIdentifierGeneratorFactory - Registering IdentifierGenerator strategy [identity] -> [org.hibernate.id.IdentityGenerator]
[DEBUG] 2026-10-08 22:49:53.678 [http-nio-8080-exec-3] DefaultIdentifierGeneratorFactory - Registering IdentifierGenerator strategy [select] -> [org.hibernate.id.SelectGenerator]
[DEBUG] 2026-10-08 22:49:53.682 [http-nio-8080-exec-3] DefaultIdentifierGeneratorFactory - Registering IdentifierGenerator strategy [sequence] -> [org.hibernate.id.enhanced.SequenceStyleGenerator]
[DEBUG] 2026-10-08 22:49:53.690 [http-nio-8080-exec-3] DefaultIdentifierGeneratorFactory - Registering IdentifierGenerator strategy [seqhilo] -> [org.hibernate.id.SequenceHiLoGenerator]
[DEBUG] 2026-10-08 22:49:53.695 [http-nio-8080-exec-3] DefaultIdentifierGeneratorFactory - Registering IdentifierGenerator strategy [increment] -> [org.hibernate.id.IncrementGenerator]
[DEBUG] 2026-10-08 22:49:53.696 [http-nio-8080-exec-3] DefaultIdentifierGeneratorFactory - Registering IdentifierGenerator strategy [foreign] -> [org.hibernate.id.ForeignGenerator]
[DEBUG] 2026-10-08 22:49:53.702 [http-nio-8080-exec-3] DefaultIdentifierGeneratorFactory - Registering IdentifierGenerator strategy [sequence-identity] -> [org.hibernate.id.SequenceIdentityGenerator]
[DEBUG] 2026-10-08 22:49:53.702 [http-nio-8080-exec-3] DefaultIdentifierGeneratorFactory - Registering IdentifierGenerator strategy [enhanced-sequence] -> [org.hibernate.id.enhanced.SequenceStyleGenerator]
[DEBUG] 2026-10-08 22:49:53.705 [http-nio-8080-exec-3] DefaultIdentifierGeneratorFactory - Registering IdentifierGenerator strategy [enhanced-table] -> [org.hibernate.id.enhanced.TableGenerator]
[WARN ] 2026-10-08 22:49:53.725 [http-nio-8080-exec-3] ConnectionProviderInitiator - HHH000022: c3p0 properties were encountered, but the c3p0 provider class was not found on the classpath; these properties are going to be ignored.
[WARN ] 2026-10-08 22:49:53.742 [http-nio-8080-exec-3] pooling - HHH10001002: Using Hibernate built-in connection pool (not for production use!)
[INFO ] 2026-10-08 22:49:53.761 [http-nio-8080-exec-3] pooling - HHH10001005: using driver [com.mysql.cj.jdbc.Driver] at URL [jdbc:mysql://localhost:3306/german_tracker]
[INFO ] 2026-10-08 22:49:53.763 [http-nio-8080-exec-3] pooling - HHH10001001: Connection properties: {password=student, user=root}
[INFO ] 2026-10-08 22:49:53.763 [http-nio-8080-exec-3] pooling - HHH10001003: Autocommit mode: false
[DEBUG] 2026-10-08 22:49:53.785 [http-nio-8080-exec-3] DriverManagerConnectionProviderImpl - Initializing Connection pool with 1 Connections
[INFO ] 2026-10-08 22:49:53.785 [http-nio-8080-exec-3] DriverManagerConnectionProviderImpl - HHH000115: Hibernate connection pool size: 20 (min=1)
[DEBUG] 2026-10-08 22:49:54.985 [http-nio-8080-exec-3] JdbcEnvironmentInitiator - Database ->
       name : MySQL
    version : 8.4.11
      major : 8
      minor : 4
[DEBUG] 2026-10-08 22:49:54.985 [http-nio-8080-exec-3] JdbcEnvironmentInitiator - Driver ->
       name : MySQL Connector/J
    version : mysql-connector-java-8.0.16 (Revision: 34cbc6bc61f72836e26327537a432d6db7c77de6)
      major : 8
      minor : 0
[DEBUG] 2026-10-08 22:49:54.985 [http-nio-8080-exec-3] JdbcEnvironmentInitiator - JDBC version : 4.2
[INFO ] 2026-10-08 22:49:55.258 [http-nio-8080-exec-3] Dialect - HHH000400: Using dialect: org.hibernate.dialect.MySQL8Dialect
[DEBUG] 2026-10-08 22:49:55.389 [http-nio-8080-exec-3] IdentifierHelperBuilder - JDBC driver metadata reported database stores quoted identifiers in more than one case
[DEBUG] 2026-10-08 22:49:55.389 [http-nio-8080-exec-3] IdentifierHelperBuilder - IdentifierCaseStrategy for both quoted and unquoted identifiers was set to the same strategy [LOWER]; that will likely lead to problems in schema update and validation if using quoted identifiers
[INFO ] 2026-10-08 22:49:55.493 [http-nio-8080-exec-3] beans - HHH10005002: No explicit CDI BeanManager reference was passed to Hibernate, but CDI is available on the Hibernate ClassLoader.
[DEBUG] 2026-10-08 22:49:55.549 [http-nio-8080-exec-3] TypeConfiguration$Scope - Scoping TypeConfiguration [org.hibernate.type.spi.TypeConfiguration@2ad08699] to MetadataBuildingContext [org.hibernate.boot.internal.MetadataBuildingContextRootImpl@4139c759]
[DEBUG] 2026-10-08 22:49:55.835 [http-nio-8080-exec-3] Namespace - Created database namespace [logicalName=Name{catalog=null, schema=null}, physicalName=Name{catalog=null, schema=null}]
[DEBUG] 2026-10-08 22:49:55.922 [http-nio-8080-exec-3] AnnotationBinder - Binding entity from annotated class: fonik.app.entity.User
[DEBUG] 2026-10-08 22:49:56.045 [http-nio-8080-exec-3] Ejb3Column - Binding column: Ejb3DiscriminatorColumn{logicalColumnName'DTYPE', discriminatorTypeName='string'}
[DEBUG] 2026-10-08 22:49:56.113 [http-nio-8080-exec-3] EntityBinder - Import with entity name User
[DEBUG] 2026-10-08 22:49:56.132 [http-nio-8080-exec-3] EntityBinder - Bind entity fonik.app.entity.User on table users
[DEBUG] 2026-10-08 22:49:56.311 [http-nio-8080-exec-3] Ejb3Column - Binding column: Ejb3Column{table=org.hibernate.mapping.Table(users), mappingColumn=id, insertable=true, updatable=true, unique=false}
[DEBUG] 2026-10-08 22:49:56.325 [http-nio-8080-exec-3] ClassLoaderAccessImpl - Not known whether passed class name [fonik.app.entity.User] is safe
[DEBUG] 2026-10-08 22:49:56.325 [http-nio-8080-exec-3] ClassLoaderAccessImpl - No temp ClassLoader provided; using live ClassLoader for loading potentially unsafe class : fonik.app.entity.User
[DEBUG] 2026-10-08 22:49:56.328 [http-nio-8080-exec-3] PropertyBinder - MetadataSourceProcessor property id with lazy=false
[DEBUG] 2026-10-08 22:49:56.337 [http-nio-8080-exec-3] AbstractPropertyHolder - Attempting to locate auto-apply AttributeConverter for property [fonik.app.entity.User:id]
[DEBUG] 2026-10-08 22:49:56.355 [http-nio-8080-exec-3] SimpleValueBinder - building SimpleValue for id
[DEBUG] 2026-10-08 22:49:56.366 [http-nio-8080-exec-3] PropertyBinder - Building property id
[DEBUG] 2026-10-08 22:49:56.385 [http-nio-8080-exec-3] BinderHelper - #makeIdGenerator(org.hibernate.mapping.SimpleValue([org.hibernate.mapping.Column(id)]), id, identity, , ...)
[DEBUG] 2026-10-08 22:49:56.385 [http-nio-8080-exec-3] Ejb3Column - Binding column: Ejb3Column{table=org.hibernate.mapping.Table(users), mappingColumn=email, insertable=true, updatable=true, unique=true}
[DEBUG] 2026-10-08 22:49:56.385 [http-nio-8080-exec-3] PropertyBinder - MetadataSourceProcessor property email with lazy=false
[DEBUG] 2026-10-08 22:49:56.385 [http-nio-8080-exec-3] AbstractPropertyHolder - Attempting to locate auto-apply AttributeConverter for property [fonik.app.entity.User:email]
[DEBUG] 2026-10-08 22:49:56.390 [http-nio-8080-exec-3] SimpleValueBinder - building SimpleValue for email
[DEBUG] 2026-10-08 22:49:56.390 [http-nio-8080-exec-3] PropertyBinder - Building property email
[DEBUG] 2026-10-08 22:49:56.390 [http-nio-8080-exec-3] Ejb3Column - Binding column: Ejb3Column{table=org.hibernate.mapping.Table(users), mappingColumn=password, insertable=true, updatable=true, unique=false}
[DEBUG] 2026-10-08 22:49:56.390 [http-nio-8080-exec-3] PropertyBinder - MetadataSourceProcessor property password with lazy=false
[DEBUG] 2026-10-08 22:49:56.390 [http-nio-8080-exec-3] AbstractPropertyHolder - Attempting to locate auto-apply AttributeConverter for property [fonik.app.entity.User:password]
[DEBUG] 2026-10-08 22:49:56.390 [http-nio-8080-exec-3] SimpleValueBinder - building SimpleValue for password
[DEBUG] 2026-10-08 22:49:56.390 [http-nio-8080-exec-3] PropertyBinder - Building property password
[DEBUG] 2026-10-08 22:49:56.390 [http-nio-8080-exec-3] Ejb3Column - Binding column: Ejb3Column{table=org.hibernate.mapping.Table(users), mappingColumn=username, insertable=true, updatable=true, unique=true}
[DEBUG] 2026-10-08 22:49:56.390 [http-nio-8080-exec-3] PropertyBinder - MetadataSourceProcessor property username with lazy=false
[DEBUG] 2026-10-08 22:49:56.393 [http-nio-8080-exec-3] AbstractPropertyHolder - Attempting to locate auto-apply AttributeConverter for property [fonik.app.entity.User:username]
[DEBUG] 2026-10-08 22:49:56.393 [http-nio-8080-exec-3] SimpleValueBinder - building SimpleValue for username
[DEBUG] 2026-10-08 22:49:56.394 [http-nio-8080-exec-3] PropertyBinder - Building property username
[DEBUG] 2026-10-08 22:49:56.402 [http-nio-8080-exec-3] Ejb3Column - Binding column: Ejb3JoinColumn{logicalColumnName='null', referencedColumn='null', mappedBy='user'}
[DEBUG] 2026-10-08 22:49:56.402 [http-nio-8080-exec-3] Ejb3Column - Binding column: Ejb3Column{table=org.hibernate.mapping.Table(users), mappingColumn=vocabulary, insertable=true, updatable=true, unique=false}
[DEBUG] 2026-10-08 22:49:56.412 [http-nio-8080-exec-3] Ejb3Column - Binding column: Ejb3Column{table=org.hibernate.mapping.Table(users), mappingColumn=null, insertable=true, updatable=true, unique=false}
[DEBUG] 2026-10-08 22:49:56.474 [http-nio-8080-exec-3] Ejb3Column - Binding column: Ejb3Column{table=org.hibernate.mapping.Table(users), mappingColumn=element, insertable=true, updatable=true, unique=false}
[DEBUG] 2026-10-08 22:49:56.477 [http-nio-8080-exec-3] Ejb3Column - Binding column: Ejb3Column{table=org.hibernate.mapping.Table(users), mappingColumn=vocabulary_KEY, insertable=true, updatable=true, unique=false}
[DEBUG] 2026-10-08 22:49:56.484 [http-nio-8080-exec-3] Ejb3Column - Binding column: Ejb3JoinColumn{logicalColumnName='vocabulary_KEY', referencedColumn='null', mappedBy='null'}
[DEBUG] 2026-10-08 22:49:56.496 [http-nio-8080-exec-3] Ejb3Column - Binding column: Ejb3JoinColumn{logicalColumnName='null', referencedColumn='null', mappedBy='user'}
[DEBUG] 2026-10-08 22:49:56.496 [http-nio-8080-exec-3] Ejb3Column - Binding column: Ejb3JoinColumn{logicalColumnName='null', referencedColumn='null', mappedBy='user'}
[DEBUG] 2026-10-08 22:49:56.496 [http-nio-8080-exec-3] CollectionBinder - Collection role: fonik.app.entity.User.vocabulary
[DEBUG] 2026-10-08 22:49:56.515 [http-nio-8080-exec-3] PropertyBinder - Building property vocabulary
[DEBUG] 2026-10-08 22:49:56.565 [http-nio-8080-exec-3] AnnotationBinder - Binding entity from annotated class: fonik.app.entity.Vocabulary
[DEBUG] 2026-10-08 22:49:56.565 [http-nio-8080-exec-3] Ejb3Column - Binding column: Ejb3DiscriminatorColumn{logicalColumnName'DTYPE', discriminatorTypeName='string'}
[DEBUG] 2026-10-08 22:49:56.565 [http-nio-8080-exec-3] EntityBinder - Import with entity name Vocabulary
[DEBUG] 2026-10-08 22:49:56.565 [http-nio-8080-exec-3] EntityBinder - Bind entity fonik.app.entity.Vocabulary on table vocabulary
[DEBUG] 2026-10-08 22:49:56.578 [http-nio-8080-exec-3] Ejb3Column - Binding column: Ejb3Column{table=org.hibernate.mapping.Table(vocabulary), mappingColumn=id, insertable=true, updatable=true, unique=false}
[DEBUG] 2026-10-08 22:49:56.578 [http-nio-8080-exec-3] ClassLoaderAccessImpl - Not known whether passed class name [fonik.app.entity.Vocabulary] is safe
[DEBUG] 2026-10-08 22:49:56.578 [http-nio-8080-exec-3] ClassLoaderAccessImpl - No temp ClassLoader provided; using live ClassLoader for loading potentially unsafe class : fonik.app.entity.Vocabulary
[DEBUG] 2026-10-08 22:49:56.578 [http-nio-8080-exec-3] PropertyBinder - MetadataSourceProcessor property id with lazy=false
[DEBUG] 2026-10-08 22:49:56.578 [http-nio-8080-exec-3] AbstractPropertyHolder - Attempting to locate auto-apply AttributeConverter for property [fonik.app.entity.Vocabulary:id]
[DEBUG] 2026-10-08 22:49:56.578 [http-nio-8080-exec-3] SimpleValueBinder - building SimpleValue for id
[DEBUG] 2026-10-08 22:49:56.578 [http-nio-8080-exec-3] PropertyBinder - Building property id
[DEBUG] 2026-10-08 22:49:56.578 [http-nio-8080-exec-3] BinderHelper - #makeIdGenerator(org.hibernate.mapping.SimpleValue([org.hibernate.mapping.Column(id)]), id, identity, , ...)
[DEBUG] 2026-10-08 22:49:56.578 [http-nio-8080-exec-3] Ejb3Column - Binding column: Ejb3Column{table=org.hibernate.mapping.Table(vocabulary), mappingColumn=article, insertable=true, updatable=true, unique=false}
[DEBUG] 2026-10-08 22:49:56.578 [http-nio-8080-exec-3] PropertyBinder - MetadataSourceProcessor property article with lazy=false
[DEBUG] 2026-10-08 22:49:56.578 [http-nio-8080-exec-3] AbstractPropertyHolder - Attempting to locate auto-apply AttributeConverter for property [fonik.app.entity.Vocabulary:article]
[DEBUG] 2026-10-08 22:49:56.578 [http-nio-8080-exec-3] SimpleValueBinder - building SimpleValue for article
[DEBUG] 2026-10-08 22:49:56.578 [http-nio-8080-exec-3] PropertyBinder - Building property article
[DEBUG] 2026-10-08 22:49:56.578 [http-nio-8080-exec-3] Ejb3Column - Binding column: Ejb3Column{table=org.hibernate.mapping.Table(vocabulary), mappingColumn=english_meaning, insertable=true, updatable=true, unique=false}
[DEBUG] 2026-10-08 22:49:56.578 [http-nio-8080-exec-3] PropertyBinder - MetadataSourceProcessor property englishMeaning with lazy=false
[DEBUG] 2026-10-08 22:49:56.578 [http-nio-8080-exec-3] AbstractPropertyHolder - Attempting to locate auto-apply AttributeConverter for property [fonik.app.entity.Vocabulary:englishMeaning]
[DEBUG] 2026-10-08 22:49:56.578 [http-nio-8080-exec-3] SimpleValueBinder - building SimpleValue for englishMeaning
[DEBUG] 2026-10-08 22:49:56.578 [http-nio-8080-exec-3] PropertyBinder - Building property englishMeaning
[DEBUG] 2026-10-08 22:49:56.584 [http-nio-8080-exec-3] Ejb3Column - Binding column: Ejb3Column{table=org.hibernate.mapping.Table(vocabulary), mappingColumn=german_word, insertable=true, updatable=true, unique=false}
[DEBUG] 2026-10-08 22:49:56.584 [http-nio-8080-exec-3] PropertyBinder - MetadataSourceProcessor property germanWord with lazy=false
[DEBUG] 2026-10-08 22:49:56.584 [http-nio-8080-exec-3] AbstractPropertyHolder - Attempting to locate auto-apply AttributeConverter for property [fonik.app.entity.Vocabulary:germanWord]
[DEBUG] 2026-10-08 22:49:56.584 [http-nio-8080-exec-3] SimpleValueBinder - building SimpleValue for germanWord
[DEBUG] 2026-10-08 22:49:56.584 [http-nio-8080-exec-3] PropertyBinder - Building property germanWord
[DEBUG] 2026-10-08 22:49:56.584 [http-nio-8080-exec-3] Ejb3Column - Binding column: Ejb3Column{table=org.hibernate.mapping.Table(vocabulary), mappingColumn=plural, insertable=true, updatable=true, unique=false}
[DEBUG] 2026-10-08 22:49:56.584 [http-nio-8080-exec-3] PropertyBinder - MetadataSourceProcessor property plural with lazy=false
[DEBUG] 2026-10-08 22:49:56.585 [http-nio-8080-exec-3] AbstractPropertyHolder - Attempting to locate auto-apply AttributeConverter for property [fonik.app.entity.Vocabulary:plural]
[DEBUG] 2026-10-08 22:49:56.585 [http-nio-8080-exec-3] SimpleValueBinder - building SimpleValue for plural
[DEBUG] 2026-10-08 22:49:56.585 [http-nio-8080-exec-3] PropertyBinder - Building property plural
[DEBUG] 2026-10-08 22:49:56.585 [http-nio-8080-exec-3] Ejb3Column - Binding column: Ejb3JoinColumn{logicalColumnName='user_id', referencedColumn='', mappedBy=''}
[DEBUG] 2026-10-08 22:49:56.585 [http-nio-8080-exec-3] Ejb3Column - Binding column: Ejb3Column{table=org.hibernate.mapping.Table(vocabulary), mappingColumn=user, insertable=true, updatable=true, unique=false}
[DEBUG] 2026-10-08 22:49:56.596 [http-nio-8080-exec-3] PropertyBinder - Building property user
[DEBUG] 2026-10-08 22:49:56.612 [http-nio-8080-exec-3] SimpleValueBinder - Starting fillSimpleValue for id
[DEBUG] 2026-10-08 22:49:56.613 [http-nio-8080-exec-3] SimpleValueBinder - Starting fillSimpleValue for email
[DEBUG] 2026-10-08 22:49:56.613 [http-nio-8080-exec-3] SimpleValueBinder - Starting fillSimpleValue for password
[DEBUG] 2026-10-08 22:49:56.613 [http-nio-8080-exec-3] SimpleValueBinder - Starting fillSimpleValue for username
[DEBUG] 2026-10-08 22:49:56.613 [http-nio-8080-exec-3] SimpleValueBinder - Starting fillSimpleValue for id
[DEBUG] 2026-10-08 22:49:56.613 [http-nio-8080-exec-3] SimpleValueBinder - Starting fillSimpleValue for article
[DEBUG] 2026-10-08 22:49:56.613 [http-nio-8080-exec-3] SimpleValueBinder - Starting fillSimpleValue for englishMeaning
[DEBUG] 2026-10-08 22:49:56.613 [http-nio-8080-exec-3] SimpleValueBinder - Starting fillSimpleValue for germanWord
[DEBUG] 2026-10-08 22:49:56.613 [http-nio-8080-exec-3] SimpleValueBinder - Starting fillSimpleValue for plural
[DEBUG] 2026-10-08 22:49:56.648 [http-nio-8080-exec-3] PrimaryKey - Forcing column [id] to be non-null as it is part of the primary key for table [users]
[DEBUG] 2026-10-08 22:49:56.648 [http-nio-8080-exec-3] PrimaryKey - Forcing column [id] to be non-null as it is part of the primary key for table [vocabulary]
[DEBUG] 2026-10-08 22:49:56.648 [http-nio-8080-exec-3] CollectionSecondPass - Second pass for collection: fonik.app.entity.User.vocabulary
[DEBUG] 2026-10-08 22:49:56.648 [http-nio-8080-exec-3] CollectionBinder - Binding a OneToMany: fonik.app.entity.User.vocabulary through a foreign key
[DEBUG] 2026-10-08 22:49:56.655 [http-nio-8080-exec-3] CollectionBinder - Mapping collection: fonik.app.entity.User.vocabulary -> vocabulary
[DEBUG] 2026-10-08 22:49:56.660 [http-nio-8080-exec-3] TableBinder - Retrieving property fonik.app.entity.Vocabulary.user
[DEBUG] 2026-10-08 22:49:56.665 [http-nio-8080-exec-3] CollectionSecondPass - Mapped collection key: user_id, one-to-many: fonik.app.entity.Vocabulary
[DEBUG] 2026-10-08 22:49:56.665 [http-nio-8080-exec-3] InFlightMetadataCollectorImpl - Resolving reference to class: fonik.app.entity.User
[DEBUG] 2026-10-08 22:49:56.688 [http-nio-8080-exec-3] InFlightMetadataCollectorImpl - Resolving reference to class: fonik.app.entity.User
[DEBUG] 2026-10-08 22:49:56.946 [http-nio-8080-exec-3] SessionFactoryImpl - Building session factory
[DEBUG] 2026-10-08 22:49:56.955 [http-nio-8080-exec-3] Settings - SessionFactory name : null
[DEBUG] 2026-10-08 22:49:56.955 [http-nio-8080-exec-3] Settings - Automatic flush during beforeCompletion(): enabled
[DEBUG] 2026-10-08 22:49:56.955 [http-nio-8080-exec-3] Settings - Automatic session close at end of transaction: disabled
[DEBUG] 2026-10-08 22:49:56.955 [http-nio-8080-exec-3] Settings - Statistics: disabled
[DEBUG] 2026-10-08 22:49:56.955 [http-nio-8080-exec-3] Settings - Deleted entity synthetic identifier rollback: disabled
[DEBUG] 2026-10-08 22:49:56.955 [http-nio-8080-exec-3] Settings - Default entity-mode: pojo
[DEBUG] 2026-10-08 22:49:56.961 [http-nio-8080-exec-3] Settings - Check Nullability in Core (should be disabled when Bean Validation is on): enabled
[DEBUG] 2026-10-08 22:49:56.961 [http-nio-8080-exec-3] Settings - Allow initialization of lazy state outside session : disabled
[DEBUG] 2026-10-08 22:49:56.961 [http-nio-8080-exec-3] Settings - Using BatchFetchStyle : LEGACY
[DEBUG] 2026-10-08 22:49:56.961 [http-nio-8080-exec-3] Settings - Default batch fetch size: -1
[DEBUG] 2026-10-08 22:49:56.961 [http-nio-8080-exec-3] Settings - Maximum outer join fetch depth: 2
[DEBUG] 2026-10-08 22:49:56.961 [http-nio-8080-exec-3] Settings - Default null ordering: NONE
[DEBUG] 2026-10-08 22:49:56.961 [http-nio-8080-exec-3] Settings - Order SQL updates by primary key: disabled
[DEBUG] 2026-10-08 22:49:56.961 [http-nio-8080-exec-3] Settings - Order SQL inserts for batching: disabled
[DEBUG] 2026-10-08 22:49:56.962 [http-nio-8080-exec-3] Settings - multi-tenancy strategy : NONE
[DEBUG] 2026-10-08 22:49:56.962 [http-nio-8080-exec-3] Settings - JTA Track by Thread: enabled
[DEBUG] 2026-10-08 22:49:56.962 [http-nio-8080-exec-3] Settings - Query language substitutions: {}
[DEBUG] 2026-10-08 22:49:56.962 [http-nio-8080-exec-3] Settings - Named query checking : enabled
[DEBUG] 2026-10-08 22:49:56.962 [http-nio-8080-exec-3] Settings - Second-level cache: disabled
[DEBUG] 2026-10-08 22:49:56.962 [http-nio-8080-exec-3] Settings - Second-level query cache: disabled
[DEBUG] 2026-10-08 22:49:56.963 [http-nio-8080-exec-3] Settings - Second-level query cache factory: null
[DEBUG] 2026-10-08 22:49:56.963 [http-nio-8080-exec-3] Settings - Second-level cache region prefix: null
[DEBUG] 2026-10-08 22:49:56.963 [http-nio-8080-exec-3] Settings - Optimize second-level cache for minimal puts: disabled
[DEBUG] 2026-10-08 22:49:56.963 [http-nio-8080-exec-3] Settings - Structured second-level cache entries: disabled
[DEBUG] 2026-10-08 22:49:56.963 [http-nio-8080-exec-3] Settings - Second-level cache direct-reference entries: disabled
[DEBUG] 2026-10-08 22:49:56.963 [http-nio-8080-exec-3] Settings - Automatic eviction of collection cache: disabled
[DEBUG] 2026-10-08 22:49:56.963 [http-nio-8080-exec-3] Settings - JDBC batch size: 15
[DEBUG] 2026-10-08 22:49:56.963 [http-nio-8080-exec-3] Settings - JDBC batch updates for versioned data: enabled
[DEBUG] 2026-10-08 22:49:56.963 [http-nio-8080-exec-3] Settings - Scrollable result sets: enabled
[DEBUG] 2026-10-08 22:49:56.963 [http-nio-8080-exec-3] Settings - Wrap result sets: disabled
[DEBUG] 2026-10-08 22:49:56.963 [http-nio-8080-exec-3] Settings - JDBC3 getGeneratedKeys(): enabled
[DEBUG] 2026-10-08 22:49:56.963 [http-nio-8080-exec-3] Settings - JDBC result set fetch size: null
[DEBUG] 2026-10-08 22:49:56.963 [http-nio-8080-exec-3] Settings - Connection release mode: AFTER_TRANSACTION
[DEBUG] 2026-10-08 22:49:56.963 [http-nio-8080-exec-3] Settings - Generate SQL with comments: disabled
[DEBUG] 2026-10-08 22:49:56.965 [http-nio-8080-exec-3] Settings - JPA compliance - query : disabled
[DEBUG] 2026-10-08 22:49:56.965 [http-nio-8080-exec-3] Settings - JPA compliance - closed-handling : disabled
[DEBUG] 2026-10-08 22:49:56.965 [http-nio-8080-exec-3] Settings - JPA compliance - lists : disabled
[DEBUG] 2026-10-08 22:49:56.965 [http-nio-8080-exec-3] Settings - JPA compliance - transactions : disabled
[DEBUG] 2026-10-08 22:49:57.387 [http-nio-8080-exec-3] SessionFactoryServiceRegistryImpl - EventListenerRegistry access via ServiceRegistry is deprecated.  Use `sessionFactory.getEventEngine().getListenerRegistry()` instead
[DEBUG] 2026-10-08 22:49:57.387 [http-nio-8080-exec-3] SessionFactoryServiceRegistryImpl - EventListenerRegistry access via ServiceRegistry is deprecated.  Use `sessionFactory.getEventEngine().getListenerRegistry()` instead
[DEBUG] 2026-10-08 22:49:57.485 [http-nio-8080-exec-3] SessionFactoryImpl - Session factory constructed with filter configurations : {}
[DEBUG] 2026-10-08 22:49:57.485 [http-nio-8080-exec-3] SessionFactoryImpl - Instantiating session factory with properties: {sun.desktop=windows, awt.toolkit=sun.awt.windows.WToolkit, java.specification.version=11, sun.cpu.isalist=amd64, hibernate.c3p0.idle_test_period=3000, sun.jnu.encoding=Cp1252, hibernate.c3p0.min_size=5, java.class.path=C:\Users\egaritaluis\OneDrive - Madison College\Desktop\Documents\semester06\EnterPrice Java\tomcat\apache-tomcat-9.0.121\bin\bootstrap.jar;C:\Users\egaritaluis\OneDrive - Madison College\Desktop\Documents\semester06\EnterPrice Java\tomcat\apache-tomcat-9.0.121\bin\tomcat-juli.jar, java.vm.vendor=Microsoft, sun.arch.data.model=64, user.variant=, java.vendor.url=https://www.microsoft.com, catalina.useNaming=true, user.timezone=America/Chicago, org.apache.el.GET_CLASSLOADER_USE_PRIVILEGED=false, os.name=Windows 11, java.vm.specification.version=11, sun.java.launcher=SUN_STANDARD, user.country=US, sun.boot.library.path=C:\Program Files\Microsoft\jdk-11.0.32.101-hotspot\bin, sun.java.command=org.apache.catalina.startup.Bootstrap start, jdk.debug=release, sun.cpu.endian=little, user.home=C:\Users\egaritaluis, hibernate.c3p0.max_statements=50, user.language=en, java.specification.vendor=Oracle Corporation, java.naming.factory.url.pkgs=org.apache.naming, java.version.date=2026-08-18, java.home=C:\Program Files\Microsoft\jdk-11.0.32.101-hotspot, file.separator=\, java.vm.compressedOopsMode=Zero based, line.separator=
, hibernate.c3p0.timeout=300, java.specification.name=Java Platform API Specification, java.vm.specification.vendor=Oracle Corporation, java.awt.graphicsenv=sun.awt.Win32GraphicsEnvironment, package.access=sun.,org.apache.catalina.,org.apache.coyote.,org.apache.jasper.,org.apache.tomcat., package.definition=sun.,java.,org.apache.catalina.,org.apache.coyote.,org.apache.jasper.,org.apache.naming.,org.apache.tomcat., user.script=, server.loader=, java.util.logging.config.file=C:\Users\egaritaluis\.SmartTomcat\GermanApp\GermanApp\conf\logging.properties, connection.password=student, sun.management.compiler=HotSpot 64-Bit Tiered Compilers, hibernate.c3p0.max_size=20, java.runtime.version=11.0.32.1+1-LTS, java.naming.factory.initial=org.apache.naming.java.javaURLContextFactory, user.name=egaritaluis, path.separator=;, common.loader="C:\Users\egaritaluis\.SmartTomcat\GermanApp\GermanApp/lib","C:\Users\egaritaluis\.SmartTomcat\GermanApp\GermanApp/lib/*.jar","C:\Users\egaritaluis\OneDrive - Madison College\Desktop\Documents\semester06\EnterPrice Java\tomcat\apache-tomcat-9.0.121/lib","C:\Users\egaritaluis\OneDrive - Madison College\Desktop\Documents\semester06\EnterPrice Java\tomcat\apache-tomcat-9.0.121/lib/*.jar", hibernate.connection.username=****, os.version=10.0, java.runtime.name=OpenJDK Runtime Environment, hibernate.connection.url=jdbc:mysql://localhost:3306/german_tracker, file.encoding=UTF-8, java.vm.name=OpenJDK 64-Bit Server VM, java.vendor.version=Microsoft-14930745, hibernate.connection.driver_class=com.mysql.cj.jdbc.Driver, java.vendor.url.bug=https://github.com/microsoft/openjdk/issues, java.io.tmpdir=C:\Users\egaritaluis\.SmartTomcat\GermanApp\GermanApp\temp, tomcat.util.scan.StandardJarScanFilter.jarsToScan=log4j-taglib*.jar,log4j-web*.jar,log4javascript*.jar,slf4j-taglib*.jar, catalina.home=C:\Users\egaritaluis\OneDrive - Madison College\Desktop\Documents\semester06\EnterPrice Java\tomcat\apache-tomcat-9.0.121, java.version=11.0.32.1, tomcat.util.scan.StandardJarScanFilter.jarsToSkip=annotations-api.jar,ant-junit*.jar,ant-launcher*.jar,ant*.jar,asm-*.jar,aspectj*.jar,bcel*.jar,biz.aQute.bnd*.jar,bootstrap.jar,catalina-ant.jar,catalina-ha.jar,catalina-ssi.jar,catalina-storeconfig.jar,catalina-tribes.jar,catalina.jar,cglib-*.jar,cobertura-*.jar,commons-beanutils*.jar,commons-codec*.jar,commons-collections*.jar,commons-compress*.jar,commons-daemon.jar,commons-dbcp*.jar,commons-digester*.jar,commons-fileupload*.jar,commons-httpclient*.jar,commons-io*.jar,commons-lang*.jar,commons-logging*.jar,commons-math*.jar,commons-pool*.jar,derby-*.jar,dom4j-*.jar,easymock-*.jar,ecj-*.jar,el-api.jar,geronimo-spec-jaxrpc*.jar,h2*.jar,ha-api-*.jar,hamcrest-*.jar,hibernate*.jar,httpclient*.jar,icu4j-*.jar,jasper-el.jar,jasper.jar,jaspic-api.jar,jaxb-*.jar,jaxen-*.jar,jaxws-rt-*.jar,jdom-*.jar,jetty-*.jar,jmx-tools.jar,jmx.jar,jsp-api.jar,jstl.jar,jta*.jar,junit-*.jar,junit.jar,log4j*.jar,mail*.jar,objenesis-*.jar,oraclepki.jar,org.hamcrest.core_*.jar,org.junit_*.jar,oro-*.jar,servlet-api-*.jar,servlet-api.jar,slf4j*.jar,taglibs-standard-spec-*.jar,tagsoup-*.jar,tomcat-api.jar,tomcat-coyote.jar,tomcat-coyote-ffm.jar,tomcat-dbcp.jar,tomcat-i18n-*.jar,tomcat-jdbc.jar,tomcat-jni.jar,tomcat-juli-adapters.jar,tomcat-juli.jar,tomcat-util-scan.jar,tomcat-util.jar,tomcat-websocket.jar,tools.jar,unboundid-ldapsdk-*.jar,websocket-api.jar,wsdl4j*.jar,xercesImpl.jar,xml-apis.jar,xmlParserAPIs-*.jar,xmlParserAPIs.jar,xom-*.jar, user.dir=C:\Users\egaritaluis\.SmartTomcat\GermanApp\GermanApp, os.arch=amd64, connection.username=root, java.vm.specification.name=Java Virtual Machine Specification, java.awt.printerjob=sun.awt.windows.WPrinterJob, hibernate.connection.password=****, sun.os.patch.level=, connection.driver_class=com.mysql.cj.jdbc.Driver, catalina.base=C:\Users\egaritaluis\.SmartTomcat\GermanApp\GermanApp, shared.loader=, hibernate.boot.CfgXmlAccessService.key=org.hibernate.boot.cfgxml.spi.LoadedConfig@57d2ca1a, java.util.logging.manager=org.apache.juli.ClassLoaderLogManager, java.library.path=C:\Program Files\Microsoft\jdk-11.0.32.101-hotspot\bin;C:\WINDOWS\Sun\Java\bin;C:\WINDOWS\system32;C:\WINDOWS;C:\Program Files\Common Files\Oracle\Java\javapath;C:\Program Files\Microsoft\jdk-11.0.32.101-hotspot\bin;C:\WINDOWS\system32;C:\WINDOWS;C:\WINDOWS\System32\Wbem;C:\WINDOWS\System32\WindowsPowerShell\v1.0\;C:\WINDOWS\System32\OpenSSH\;C:\WINDOWS\CCM;C:\Program Files\dotnet\;C:\WINDOWS\CCM;C:\Program Files\nodejs\;C:\Program Files\Microsoft VS Code\bin;C:\Program Files\KeePassXC\;C:\Program Files\PuTTY\;C:\Program Files\Git\cmd;C:\Program Files\Amazon\AWSCLIV2\;C:\Users\egaritaluis\AppData\Local\Microsoft\WindowsApps;C:\Users\egaritaluis\AppData\Local\Programs\Git\cmd;., java.vendor=Microsoft, java.vm.info=mixed mode, sharing, java.vm.version=11.0.32.1+1-LTS, java.specification.maintenance.version=3, hibernate.bytecode.use_reflection_optimizer=false, sun.io.unicode.encoding=UnicodeLittle, tomcat.util.buf.StringCache.byte.enabled=true, connection.url=jdbc:mysql://localhost:3306/german_tracker, java.class.version=55.0}
[DEBUG] 2026-10-08 22:49:57.620 [http-nio-8080-exec-3] TypeSafeActivator - Unable to acquire Bean Validation ValidatorFactory, skipping activation
[DEBUG] 2026-10-08 22:49:57.620 [http-nio-8080-exec-3] JaccIntegrator - Skipping JACC integration as it was not enabled
[DEBUG] 2026-10-08 22:49:57.625 [http-nio-8080-exec-3] SessionFactoryImpl - Instantiated session factory
[DEBUG] 2026-10-08 22:49:57.625 [http-nio-8080-exec-3] TypeConfiguration$Scope - Scoping TypeConfiguration [org.hibernate.type.spi.TypeConfiguration@2ad08699] to SessionFactoryImpl [org.hibernate.internal.SessionFactoryImpl@5f505404]
[DEBUG] 2026-10-08 22:49:58.085 [http-nio-8080-exec-3] interceptor - To-one property `fonik.app.entity.Vocabulary#user` was mapped with LAZY + NO_PROXY but the class was not enhanced
[DEBUG] 2026-10-08 22:49:58.096 [http-nio-8080-exec-3] interceptor - To-one property `fonik.app.entity.Vocabulary#user` was mapped with LAZY + NO_PROXY but the class was not enhanced
[DEBUG] 2026-10-08 22:49:58.096 [http-nio-8080-exec-3] ClassLoaderAccessImpl - Not known whether passed class name [fonik.app.entity.Vocabulary] is safe
[DEBUG] 2026-10-08 22:49:58.105 [http-nio-8080-exec-3] ClassLoaderAccessImpl - No temp ClassLoader provided; using live ClassLoader for loading potentially unsafe class : fonik.app.entity.Vocabulary
[DEBUG] 2026-10-08 22:49:59.467 [http-nio-8080-exec-3] interceptor - To-one property `fonik.app.entity.Vocabulary#user` was mapped with LAZY + NO_PROXY but the class was not enhanced
[DEBUG] 2026-10-08 22:49:59.467 [http-nio-8080-exec-3] interceptor - To-one property `fonik.app.entity.Vocabulary#user` was mapped with LAZY + NO_PROXY but the class was not enhanced
[DEBUG] 2026-10-08 22:49:59.497 [http-nio-8080-exec-3] ClassLoaderAccessImpl - Not known whether passed class name [fonik.app.entity.User] is safe
[DEBUG] 2026-10-08 22:49:59.497 [http-nio-8080-exec-3] ClassLoaderAccessImpl - No temp ClassLoader provided; using live ClassLoader for loading potentially unsafe class : fonik.app.entity.User
[DEBUG] 2026-10-08 22:49:59.639 [http-nio-8080-exec-3] AbstractCollectionPersister - Static SQL for collection: fonik.app.entity.User.vocabulary
[DEBUG] 2026-10-08 22:49:59.643 [http-nio-8080-exec-3] AbstractCollectionPersister -  Row insert: update vocabulary set user_id=? where id=?
[DEBUG] 2026-10-08 22:49:59.643 [http-nio-8080-exec-3] AbstractCollectionPersister -  Row update: update vocabulary set  where id=?
[DEBUG] 2026-10-08 22:49:59.643 [http-nio-8080-exec-3] AbstractCollectionPersister -  Row delete: update vocabulary set user_id=null where user_id=? and id=?
[DEBUG] 2026-10-08 22:49:59.643 [http-nio-8080-exec-3] AbstractCollectionPersister -  One-shot delete: update vocabulary set user_id=null where user_id=?
[DEBUG] 2026-10-08 22:49:59.671 [http-nio-8080-exec-3] AbstractEntityPersister - Static SQL for entity: fonik.app.entity.Vocabulary
[DEBUG] 2026-10-08 22:49:59.671 [http-nio-8080-exec-3] AbstractEntityPersister -  Version select: select id from vocabulary where id =?
[DEBUG] 2026-10-08 22:49:59.671 [http-nio-8080-exec-3] AbstractEntityPersister -  Snapshot select: select vocabulary_.id, vocabulary_.article as article2_1_, vocabulary_.english_meaning as english_3_1_, vocabulary_.german_word as german_w4_1_, vocabulary_.plural as plural5_1_, vocabulary_.user_id as user_id6_1_ from vocabulary vocabulary_ where vocabulary_.id=?
[DEBUG] 2026-10-08 22:49:59.671 [http-nio-8080-exec-3] AbstractEntityPersister -  Insert 0: insert into vocabulary (article, english_meaning, german_word, plural, user_id, id) values (?, ?, ?, ?, ?, ?)
[DEBUG] 2026-10-08 22:49:59.671 [http-nio-8080-exec-3] AbstractEntityPersister -  Update 0: update vocabulary set article=?, english_meaning=?, german_word=?, plural=?, user_id=? where id=?
[DEBUG] 2026-10-08 22:49:59.671 [http-nio-8080-exec-3] AbstractEntityPersister -  Delete 0: delete from vocabulary where id=?
[DEBUG] 2026-10-08 22:49:59.675 [http-nio-8080-exec-3] AbstractEntityPersister -  Identity insert: insert into vocabulary (article, english_meaning, german_word, plural, user_id) values (?, ?, ?, ?, ?)
[DEBUG] 2026-10-08 22:49:59.915 [http-nio-8080-exec-3] QuerySpacesImpl - Adding QuerySpace : uid = <gen:0> -> org.hibernate.loader.plan.build.internal.spaces.EntityQuerySpaceImpl@6e01f93b]
[DEBUG] 2026-10-08 22:49:59.935 [http-nio-8080-exec-3] MetamodelGraphWalker - Visiting attribute path : article
[DEBUG] 2026-10-08 22:49:59.935 [http-nio-8080-exec-3] MetamodelGraphWalker - Visiting attribute path : englishMeaning
[DEBUG] 2026-10-08 22:49:59.935 [http-nio-8080-exec-3] MetamodelGraphWalker - Visiting attribute path : germanWord
[DEBUG] 2026-10-08 22:49:59.935 [http-nio-8080-exec-3] MetamodelGraphWalker - Visiting attribute path : plural
[DEBUG] 2026-10-08 22:49:59.935 [http-nio-8080-exec-3] MetamodelGraphWalker - Visiting attribute path : user
[DEBUG] 2026-10-08 22:49:59.977 [http-nio-8080-exec-3] QuerySpacesImpl - Adding QuerySpace : uid = <gen:1> -> org.hibernate.loader.plan.build.internal.spaces.EntityQuerySpaceImpl@30640f82]
[DEBUG] 2026-10-08 22:49:59.990 [http-nio-8080-exec-3] MetamodelGraphWalker - Visiting attribute path : user.email
[DEBUG] 2026-10-08 22:49:59.990 [http-nio-8080-exec-3] MetamodelGraphWalker - Visiting attribute path : user.password
[DEBUG] 2026-10-08 22:49:59.990 [http-nio-8080-exec-3] MetamodelGraphWalker - Visiting attribute path : user.username
[DEBUG] 2026-10-08 22:49:59.990 [http-nio-8080-exec-3] MetamodelGraphWalker - Visiting attribute path : user.vocabulary
[DEBUG] 2026-10-08 22:49:59.990 [http-nio-8080-exec-3] MetamodelGraphWalker - Property path deemed to be circular : user.vocabulary
[DEBUG] 2026-10-08 22:49:59.990 [http-nio-8080-exec-3] FetchStyleLoadPlanBuildingAssociationVisitationStrategy - Building LoadPlan...
[DEBUG] 2026-10-08 22:50:00.106 [http-nio-8080-exec-3] LoadQueryJoinAndFetchProcessor - processing queryspace <gen:0>
[DEBUG] 2026-10-08 22:50:00.147 [http-nio-8080-exec-3] LoadPlanTreePrinter - LoadPlan(entity=fonik.app.entity.Vocabulary)
    - Returns
       - EntityReturnImpl(entity=fonik.app.entity.Vocabulary, querySpaceUid=<gen:0>, path=fonik.app.entity.Vocabulary)
          - EntityAttributeFetchImpl(entity=fonik.app.entity.User, querySpaceUid=<gen:1>, path=fonik.app.entity.Vocabulary.user)
    - QuerySpaces
       - EntityQuerySpaceImpl(uid=<gen:0>, entity=fonik.app.entity.Vocabulary)
          - SQL table alias mapping - vocabulary0_
          - alias suffix - 0_
          - suffixed key columns - {id1_1_0_}
          - JOIN (JoinDefinedByMetadata(user)) : <gen:0> -> <gen:1>
             - EntityQuerySpaceImpl(uid=<gen:1>, entity=fonik.app.entity.User)
                - SQL table alias mapping - user1_
                - alias suffix - 1_
                - suffixed key columns - {id1_0_1_}

[DEBUG] 2026-10-08 22:50:00.163 [http-nio-8080-exec-3] EntityLoader - Static select for entity fonik.app.entity.Vocabulary [NONE]: select vocabulary0_.id as id1_1_0_, vocabulary0_.article as article2_1_0_, vocabulary0_.english_meaning as english_3_1_0_, vocabulary0_.german_word as german_w4_1_0_, vocabulary0_.plural as plural5_1_0_, vocabulary0_.user_id as user_id6_1_0_, user1_.id as id1_0_1_, user1_.email as email2_0_1_, user1_.password as password3_0_1_, user1_.username as username4_0_1_ from vocabulary vocabulary0_ inner join users user1_ on vocabulary0_.user_id=user1_.id where vocabulary0_.id=?
[DEBUG] 2026-10-08 22:50:00.163 [http-nio-8080-exec-3] AbstractEntityPersister - Static SQL for entity: fonik.app.entity.User
[DEBUG] 2026-10-08 22:50:00.163 [http-nio-8080-exec-3] AbstractEntityPersister -  Version select: select id from users where id =?
[DEBUG] 2026-10-08 22:50:00.163 [http-nio-8080-exec-3] AbstractEntityPersister -  Snapshot select: select user_.id, user_.email as email2_0_, user_.password as password3_0_, user_.username as username4_0_ from users user_ where user_.id=?
[DEBUG] 2026-10-08 22:50:00.163 [http-nio-8080-exec-3] AbstractEntityPersister -  Insert 0: insert into users (email, password, username, id) values (?, ?, ?, ?)
[DEBUG] 2026-10-08 22:50:00.163 [http-nio-8080-exec-3] AbstractEntityPersister -  Update 0: update users set email=?, password=?, username=? where id=?
[DEBUG] 2026-10-08 22:50:00.163 [http-nio-8080-exec-3] AbstractEntityPersister -  Delete 0: delete from users where id=?
[DEBUG] 2026-10-08 22:50:00.163 [http-nio-8080-exec-3] AbstractEntityPersister -  Identity insert: insert into users (email, password, username) values (?, ?, ?)
[DEBUG] 2026-10-08 22:50:00.163 [http-nio-8080-exec-3] QuerySpacesImpl - Adding QuerySpace : uid = <gen:0> -> org.hibernate.loader.plan.build.internal.spaces.EntityQuerySpaceImpl@7835d02c]
[DEBUG] 2026-10-08 22:50:00.163 [http-nio-8080-exec-3] MetamodelGraphWalker - Visiting attribute path : email
[DEBUG] 2026-10-08 22:50:00.163 [http-nio-8080-exec-3] MetamodelGraphWalker - Visiting attribute path : password
[DEBUG] 2026-10-08 22:50:00.163 [http-nio-8080-exec-3] MetamodelGraphWalker - Visiting attribute path : username
[DEBUG] 2026-10-08 22:50:00.165 [http-nio-8080-exec-3] MetamodelGraphWalker - Visiting attribute path : vocabulary
[DEBUG] 2026-10-08 22:50:00.166 [http-nio-8080-exec-3] QuerySpacesImpl - Adding QuerySpace : uid = <gen:1> -> org.hibernate.loader.plan.build.internal.spaces.CollectionQuerySpaceImpl@548fd2c6]
[DEBUG] 2026-10-08 22:50:00.182 [http-nio-8080-exec-3] QuerySpacesImpl - Adding QuerySpace : uid = <gen:2> -> org.hibernate.loader.plan.build.internal.spaces.EntityQuerySpaceImpl@276f4b24]
[DEBUG] 2026-10-08 22:50:00.185 [http-nio-8080-exec-3] FetchStyleLoadPlanBuildingAssociationVisitationStrategy - Building LoadPlan...
[DEBUG] 2026-10-08 22:50:00.185 [http-nio-8080-exec-3] LoadQueryJoinAndFetchProcessor - processing queryspace <gen:0>
[DEBUG] 2026-10-08 22:50:00.187 [http-nio-8080-exec-3] LoadPlanTreePrinter - LoadPlan(entity=fonik.app.entity.User)
    - Returns
       - EntityReturnImpl(entity=fonik.app.entity.User, querySpaceUid=<gen:0>, path=fonik.app.entity.User)
          - CollectionAttributeFetchImpl(collection=fonik.app.entity.User.vocabulary, querySpaceUid=<gen:1>, path=fonik.app.entity.User.vocabulary)
             - (collection element) CollectionFetchableElementEntityGraph(entity=fonik.app.entity.Vocabulary, querySpaceUid=<gen:2>, path=fonik.app.entity.User.vocabulary.<elements>)
    - QuerySpaces
       - EntityQuerySpaceImpl(uid=<gen:0>, entity=fonik.app.entity.User)
          - SQL table alias mapping - user0_
          - alias suffix - 0_
          - suffixed key columns - {id1_0_0_}

[DEBUG] 2026-10-08 22:50:00.187 [http-nio-8080-exec-3] EntityLoader - Static select for entity fonik.app.entity.User [NONE]: select user0_.id as id1_0_0_, user0_.email as email2_0_0_, user0_.password as password3_0_0_, user0_.username as username4_0_0_ from users user0_ where user0_.id=?
[DEBUG] 2026-10-08 22:50:00.225 [http-nio-8080-exec-3] QuerySpacesImpl - Adding QuerySpace : uid = <gen:0> -> org.hibernate.loader.plan.build.internal.spaces.CollectionQuerySpaceImpl@7fa7e59f]
[DEBUG] 2026-10-08 22:50:00.225 [http-nio-8080-exec-3] QuerySpacesImpl - Adding QuerySpace : uid = <gen:1> -> org.hibernate.loader.plan.build.internal.spaces.EntityQuerySpaceImpl@59699d3d]
[DEBUG] 2026-10-08 22:50:00.230 [http-nio-8080-exec-3] MetamodelGraphWalker - Visiting attribute path : article
[DEBUG] 2026-10-08 22:50:00.230 [http-nio-8080-exec-3] MetamodelGraphWalker - Visiting attribute path : englishMeaning
[DEBUG] 2026-10-08 22:50:00.230 [http-nio-8080-exec-3] MetamodelGraphWalker - Visiting attribute path : germanWord
[DEBUG] 2026-10-08 22:50:00.230 [http-nio-8080-exec-3] MetamodelGraphWalker - Visiting attribute path : plural
[DEBUG] 2026-10-08 22:50:00.230 [http-nio-8080-exec-3] MetamodelGraphWalker - Visiting attribute path : user
[DEBUG] 2026-10-08 22:50:00.230 [http-nio-8080-exec-3] MetamodelGraphWalker - Property path deemed to be circular : user
[DEBUG] 2026-10-08 22:50:00.230 [http-nio-8080-exec-3] FetchStyleLoadPlanBuildingAssociationVisitationStrategy - Building LoadPlan...
[DEBUG] 2026-10-08 22:50:00.247 [http-nio-8080-exec-3] LoadQueryJoinAndFetchProcessor - processing queryspace <gen:0>
[DEBUG] 2026-10-08 22:50:00.247 [http-nio-8080-exec-3] LoadPlanTreePrinter - LoadPlan(collection=fonik.app.entity.User.vocabulary)
    - Returns
       - CollectionReturnImpl(collection=fonik.app.entity.User.vocabulary, querySpaceUid=<gen:0>, path=[fonik.app.entity.User.vocabulary])
          - (collection element) CollectionFetchableElementEntityGraph(entity=fonik.app.entity.Vocabulary, querySpaceUid=<gen:1>, path=[fonik.app.entity.User.vocabulary].<elements>)
    - QuerySpaces
       - CollectionQuerySpaceImpl(uid=<gen:0>, collection=fonik.app.entity.User.vocabulary)
          - SQL table alias mapping - vocabulary0_
          - alias suffix - 0_
          - suffixed key columns - {user_id6_1_0_}
          - entity-element alias suffix - 1_
          - 1_entity-element suffixed key columns - id1_1_1_
          - JOIN (JoinDefinedByMetadata(elements)) : <gen:0> -> <gen:1>
             - EntityQuerySpaceImpl(uid=<gen:1>, entity=fonik.app.entity.Vocabulary)
                - SQL table alias mapping - vocabulary0_
                - alias suffix - 1_
                - suffixed key columns - {id1_1_1_}

[DEBUG] 2026-10-08 22:50:00.259 [http-nio-8080-exec-3] CollectionLoader - Static select for collection fonik.app.entity.User.vocabulary: select vocabulary0_.user_id as user_id6_1_0_, vocabulary0_.id as id1_1_0_, vocabulary0_.id as id1_1_1_, vocabulary0_.article as article2_1_1_, vocabulary0_.english_meaning as english_3_1_1_, vocabulary0_.german_word as german_w4_1_1_, vocabulary0_.plural as plural5_1_1_, vocabulary0_.user_id as user_id6_1_1_ from vocabulary vocabulary0_ where vocabulary0_.user_id=?
[DEBUG] 2026-10-08 22:50:00.571 [http-nio-8080-exec-3] SchemaManagementToolCoordinator - No schema actions specified
[DEBUG] 2026-10-08 22:50:00.571 [http-nio-8080-exec-3] SchemaManagementToolCoordinator - No actions specified; doing nothing
[DEBUG] 2026-10-08 22:50:00.573 [http-nio-8080-exec-3] JtaPlatformInitiator - No JtaPlatform was specified, checking resolver
[DEBUG] 2026-10-08 22:50:00.578 [http-nio-8080-exec-3] JtaPlatformResolverInitiator - No JtaPlatformResolver was specified, using default [org.hibernate.engine.transaction.jta.platform.internal.StandardJtaPlatformResolver]
[DEBUG] 2026-10-08 22:50:00.620 [http-nio-8080-exec-3] StandardJtaPlatformResolver - Could not resolve JtaPlatform, using default [org.hibernate.engine.transaction.jta.platform.internal.NoJtaPlatform]
[INFO ] 2026-10-08 22:50:00.620 [http-nio-8080-exec-3] JtaPlatformInitiator - HHH000490: Using JtaPlatform implementation: [org.hibernate.engine.transaction.jta.platform.internal.NoJtaPlatform]
[DEBUG] 2026-10-08 22:50:00.661 [http-nio-8080-exec-3] SessionFactoryServiceRegistryImpl - EventListenerRegistry access via ServiceRegistry is deprecated.  Use `sessionFactory.getEventEngine().getListenerRegistry()` instead
[DEBUG] 2026-10-08 22:50:00.671 [http-nio-8080-exec-3] QueryTranslatorFactoryInitiator - QueryTranslatorFactory: org.hibernate.hql.internal.ast.ASTQueryTranslatorFactory@17dcf2da
[DEBUG] 2026-10-08 22:50:00.709 [http-nio-8080-exec-3] NamedQueryRepository - Checking 0 named HQL queries
[DEBUG] 2026-10-08 22:50:00.709 [http-nio-8080-exec-3] NamedQueryRepository - Checking 0 named SQL queries
[DEBUG] 2026-10-08 22:50:00.715 [http-nio-8080-exec-3] SessionFactoryRegistry - Initializing SessionFactoryRegistry : org.hibernate.internal.SessionFactoryRegistry@6859d8e6
[DEBUG] 2026-10-08 22:50:00.715 [http-nio-8080-exec-3] SessionFactoryRegistry - Registering SessionFactory: 011ecaf6-2f13-46fa-8fa2-24a908f1d739 (<unnamed>)
[DEBUG] 2026-10-08 22:50:00.715 [http-nio-8080-exec-3] SessionFactoryRegistry - Not binding SessionFactory to JNDI, no JNDI name configured
[DEBUG] 2026-10-08 22:50:01.160 [http-nio-8080-exec-3] StatisticsInitiator - Statistics initialized [enabled=false]
[DEBUG] 2026-10-08 22:50:01.358 [http-nio-8080-exec-3] CriteriaQueryImpl - Rendered criteria query -> select generatedAlias0 from Vocabulary as generatedAlias0
[DEBUG] 2026-10-08 22:50:01.588 [http-nio-8080-exec-3] QueryTranslatorImpl - parse() - HQL: select generatedAlias0 from fonik.app.entity.Vocabulary as generatedAlias0
[DEBUG] 2026-10-08 22:50:01.618 [http-nio-8080-exec-3] ErrorTracker - throwQueryException() : no errors
[DEBUG] 2026-10-08 22:50:01.646 [http-nio-8080-exec-3] QueryTranslatorImpl - --- HQL AST ---
 \-[QUERY] Node: 'query'
    \-[SELECT_FROM] Node: 'SELECT_FROM'
       +-[FROM] Node: 'from'
       |  \-[RANGE] Node: 'RANGE'
       |     +-[DOT] Node: '.'
       |     |  +-[DOT] Node: '.'
       |     |  |  +-[DOT] Node: '.'
       |     |  |  |  +-[IDENT] Node: 'fonik'
       |     |  |  |  \-[IDENT] Node: 'app'
       |     |  |  \-[IDENT] Node: 'entity'
       |     |  \-[IDENT] Node: 'Vocabulary'
       |     \-[ALIAS] Node: 'generatedAlias0'
       \-[SELECT] Node: 'select'
          \-[IDENT] Node: 'generatedAlias0'

[DEBUG] 2026-10-08 22:50:01.768 [http-nio-8080-exec-3] HqlSqlBaseWalker - select << begin [level=1, statement=select]
[DEBUG] 2026-10-08 22:50:01.861 [http-nio-8080-exec-3] FromElement - FromClause{level=1} : fonik.app.entity.Vocabulary (generatedAlias0) -> vocabulary0_
[DEBUG] 2026-10-08 22:50:01.866 [http-nio-8080-exec-3] FromReferenceNode - Resolved : generatedAlias0 -> vocabulary0_.id
[DEBUG] 2026-10-08 22:50:01.876 [http-nio-8080-exec-3] HqlSqlBaseWalker - select : finishing up [level=1, statement=select]
[DEBUG] 2026-10-08 22:50:01.877 [http-nio-8080-exec-3] HqlSqlWalker - processQuery() :  ( SELECT ( {select clause} vocabulary0_.id ) ( FromClause{level=1} vocabulary vocabulary0_ ) )
[DEBUG] 2026-10-08 22:50:01.915 [http-nio-8080-exec-3] JoinProcessor - Tables referenced from query nodes:
 \-QueryNode
    +-SelectClause
    | referencedTables(entity Vocabulary): [vocabulary]
    |  +-IdentNode
    |  | persister: SingleTableEntityPersister(fonik.app.entity.Vocabulary)
    |  | originalText: generatedAlias0
    |  \-SqlFragment
    \-FromClause
       \-FromElement

[DEBUG] 2026-10-08 22:50:01.933 [http-nio-8080-exec-3] JoinProcessor - Using FROM fragment [vocabulary vocabulary0_]
[DEBUG] 2026-10-08 22:50:01.933 [http-nio-8080-exec-3] HqlSqlBaseWalker - select >> end [level=1, statement=select]
[DEBUG] 2026-10-08 22:50:01.933 [http-nio-8080-exec-3] QueryTranslatorImpl - --- SQL AST ---
 \-[SELECT] QueryNode: 'SELECT'  querySpaces (vocabulary)
    +-[SELECT_CLAUSE] SelectClause: '{select clause}'
    |  +-[ALIAS_REF] IdentNode: 'vocabulary0_.id as id1_1_' {alias=generatedAlias0, className=fonik.app.entity.Vocabulary, tableAlias=vocabulary0_}
    |  \-[SQL_TOKEN] SqlFragment: 'vocabulary0_.article as article2_1_, vocabulary0_.english_meaning as english_3_1_, vocabulary0_.german_word as german_w4_1_, vocabulary0_.plural as plural5_1_, vocabulary0_.user_id as user_id6_1_'
    \-[FROM] FromClause: 'from' FromClause{level=1, fromElementCounter=1, fromElements=1, fromElementByClassAlias=[generatedAlias0], fromElementByTableAlias=[vocabulary0_], fromElementsByPath=[], collectionJoinFromElementsByPath=[], impliedElements=[]}
       \-[FROM_FRAGMENT] FromElement: 'vocabulary vocabulary0_' FromElement{explicit,not a collection join,not a fetch join,fetch non-lazy properties,classAlias=generatedAlias0,role=null,tableName=vocabulary,tableAlias=vocabulary0_,origin=null,columns={,className=fonik.app.entity.Vocabulary}}

[DEBUG] 2026-10-08 22:50:01.933 [http-nio-8080-exec-3] ErrorTracker - throwQueryException() : no errors
[DEBUG] 2026-10-08 22:50:01.961 [http-nio-8080-exec-3] QueryTranslatorImpl - HQL: select generatedAlias0 from fonik.app.entity.Vocabulary as generatedAlias0
[DEBUG] 2026-10-08 22:50:01.961 [http-nio-8080-exec-3] QueryTranslatorImpl - SQL: select vocabulary0_.id as id1_1_, vocabulary0_.article as article2_1_, vocabulary0_.english_meaning as english_3_1_, vocabulary0_.german_word as german_w4_1_, vocabulary0_.plural as plural5_1_, vocabulary0_.user_id as user_id6_1_ from vocabulary vocabulary0_
[DEBUG] 2026-10-08 22:50:01.962 [http-nio-8080-exec-3] ErrorTracker - throwQueryException() : no errors
[DEBUG] 2026-10-08 22:50:02.063 [http-nio-8080-exec-3] SQL - select vocabulary0_.id as id1_1_, vocabulary0_.article as article2_1_, vocabulary0_.english_meaning as english_3_1_, vocabulary0_.german_word as german_w4_1_, vocabulary0_.plural as plural5_1_, vocabulary0_.user_id as user_id6_1_ from vocabulary vocabulary0_
[DEBUG] 2026-10-08 22:50:02.239 [http-nio-8080-exec-3] Loader - Result set row: 0
[DEBUG] 2026-10-08 22:50:02.257 [http-nio-8080-exec-3] Loader - Result row: EntityKey[fonik.app.entity.Vocabulary#4]
[DEBUG] 2026-10-08 22:50:02.293 [http-nio-8080-exec-3] Loader - Result set row: 1
[DEBUG] 2026-10-08 22:50:02.293 [http-nio-8080-exec-3] Loader - Result row: EntityKey[fonik.app.entity.Vocabulary#5]
[DEBUG] 2026-10-08 22:50:02.294 [http-nio-8080-exec-3] Loader - Result set row: 2
[DEBUG] 2026-10-08 22:50:02.294 [http-nio-8080-exec-3] Loader - Result row: EntityKey[fonik.app.entity.Vocabulary#6]
[DEBUG] 2026-10-08 22:50:02.310 [http-nio-8080-exec-3] TwoPhaseLoad - Resolving attributes for [fonik.app.entity.Vocabulary#4]
[DEBUG] 2026-10-08 22:50:02.316 [http-nio-8080-exec-3] TwoPhaseLoad - Processing attribute `article` : value = das
[DEBUG] 2026-10-08 22:50:02.316 [http-nio-8080-exec-3] TwoPhaseLoad - Attribute (`article`)  - enhanced for lazy-loading? - false
[DEBUG] 2026-10-08 22:50:02.316 [http-nio-8080-exec-3] TwoPhaseLoad - Processing attribute `englishMeaning` : value = house
[DEBUG] 2026-10-08 22:50:02.316 [http-nio-8080-exec-3] TwoPhaseLoad - Attribute (`englishMeaning`)  - enhanced for lazy-loading? - false
[DEBUG] 2026-10-08 22:50:02.316 [http-nio-8080-exec-3] TwoPhaseLoad - Processing attribute `germanWord` : value = Hauss
[DEBUG] 2026-10-08 22:50:02.316 [http-nio-8080-exec-3] TwoPhaseLoad - Attribute (`germanWord`)  - enhanced for lazy-loading? - false
[DEBUG] 2026-10-08 22:50:02.316 [http-nio-8080-exec-3] TwoPhaseLoad - Processing attribute `plural` : value = Häuser
[DEBUG] 2026-10-08 22:50:02.316 [http-nio-8080-exec-3] TwoPhaseLoad - Attribute (`plural`)  - enhanced for lazy-loading? - false
[DEBUG] 2026-10-08 22:50:02.316 [http-nio-8080-exec-3] TwoPhaseLoad - Processing attribute `user` : value = 1
[DEBUG] 2026-10-08 22:50:02.316 [http-nio-8080-exec-3] TwoPhaseLoad - Attribute (`user`)  - enhanced for lazy-loading? - false
[DEBUG] 2026-10-08 22:50:02.344 [http-nio-8080-exec-3] SQL - select user0_.id as id1_0_0_, user0_.email as email2_0_0_, user0_.password as password3_0_0_, user0_.username as username4_0_0_ from users user0_ where user0_.id=?
[DEBUG] 2026-10-08 22:50:02.367 [http-nio-8080-exec-3] EntityReferenceInitializerImpl - On call to EntityIdentifierReaderImpl#resolve, EntityKey was already known; should only happen on root returns with an optional identifier specified
[DEBUG] 2026-10-08 22:50:02.369 [http-nio-8080-exec-3] TwoPhaseLoad - Resolving attributes for [fonik.app.entity.User#1]
[DEBUG] 2026-10-08 22:50:02.369 [http-nio-8080-exec-3] TwoPhaseLoad - Processing attribute `email` : value = test@example.com
[DEBUG] 2026-10-08 22:50:02.369 [http-nio-8080-exec-3] TwoPhaseLoad - Attribute (`email`)  - enhanced for lazy-loading? - false
[DEBUG] 2026-10-08 22:50:02.371 [http-nio-8080-exec-3] TwoPhaseLoad - Processing attribute `password` : value = test123
[DEBUG] 2026-10-08 22:50:02.371 [http-nio-8080-exec-3] TwoPhaseLoad - Attribute (`password`)  - enhanced for lazy-loading? - false
[DEBUG] 2026-10-08 22:50:02.371 [http-nio-8080-exec-3] TwoPhaseLoad - Processing attribute `username` : value = testuser
[DEBUG] 2026-10-08 22:50:02.371 [http-nio-8080-exec-3] TwoPhaseLoad - Attribute (`username`)  - enhanced for lazy-loading? - false
[DEBUG] 2026-10-08 22:50:02.371 [http-nio-8080-exec-3] TwoPhaseLoad - Processing attribute `vocabulary` : value = NOT NULL COLLECTION
[DEBUG] 2026-10-08 22:50:02.371 [http-nio-8080-exec-3] TwoPhaseLoad - Attribute (`vocabulary`)  - enhanced for lazy-loading? - false
[DEBUG] 2026-10-08 22:50:02.411 [http-nio-8080-exec-3] TwoPhaseLoad - Done materializing entity [fonik.app.entity.User#1]
[DEBUG] 2026-10-08 22:50:02.415 [http-nio-8080-exec-3] AbstractLoadPlanBasedEntityLoader - Done entity load : fonik.app.entity.User#1
[DEBUG] 2026-10-08 22:50:02.417 [http-nio-8080-exec-3] TwoPhaseLoad - Done materializing entity [fonik.app.entity.Vocabulary#4]
[DEBUG] 2026-10-08 22:50:02.417 [http-nio-8080-exec-3] TwoPhaseLoad - Resolving attributes for [fonik.app.entity.Vocabulary#5]
[DEBUG] 2026-10-08 22:50:02.417 [http-nio-8080-exec-3] TwoPhaseLoad - Processing attribute `article` : value = der
[DEBUG] 2026-10-08 22:50:02.417 [http-nio-8080-exec-3] TwoPhaseLoad - Attribute (`article`)  - enhanced for lazy-loading? - false
[DEBUG] 2026-10-08 22:50:02.417 [http-nio-8080-exec-3] TwoPhaseLoad - Processing attribute `englishMeaning` : value = dog
[DEBUG] 2026-10-08 22:50:02.417 [http-nio-8080-exec-3] TwoPhaseLoad - Attribute (`englishMeaning`)  - enhanced for lazy-loading? - false
[DEBUG] 2026-10-08 22:50:02.417 [http-nio-8080-exec-3] TwoPhaseLoad - Processing attribute `germanWord` : value = Hundd
[DEBUG] 2026-10-08 22:50:02.417 [http-nio-8080-exec-3] TwoPhaseLoad - Attribute (`germanWord`)  - enhanced for lazy-loading? - false
[DEBUG] 2026-10-08 22:50:02.417 [http-nio-8080-exec-3] TwoPhaseLoad - Processing attribute `plural` : value = Hunde
[DEBUG] 2026-10-08 22:50:02.417 [http-nio-8080-exec-3] TwoPhaseLoad - Attribute (`plural`)  - enhanced for lazy-loading? - false
[DEBUG] 2026-10-08 22:50:02.417 [http-nio-8080-exec-3] TwoPhaseLoad - Processing attribute `user` : value = 1
[DEBUG] 2026-10-08 22:50:02.417 [http-nio-8080-exec-3] TwoPhaseLoad - Attribute (`user`)  - enhanced for lazy-loading? - false
[DEBUG] 2026-10-08 22:50:02.417 [http-nio-8080-exec-3] TwoPhaseLoad - Done materializing entity [fonik.app.entity.Vocabulary#5]
[DEBUG] 2026-10-08 22:50:02.417 [http-nio-8080-exec-3] TwoPhaseLoad - Resolving attributes for [fonik.app.entity.Vocabulary#6]
[DEBUG] 2026-10-08 22:50:02.419 [http-nio-8080-exec-3] TwoPhaseLoad - Processing attribute `article` : value = die
[DEBUG] 2026-10-08 22:50:02.419 [http-nio-8080-exec-3] TwoPhaseLoad - Attribute (`article`)  - enhanced for lazy-loading? - false
[DEBUG] 2026-10-08 22:50:02.419 [http-nio-8080-exec-3] TwoPhaseLoad - Processing attribute `englishMeaning` : value = cat
[DEBUG] 2026-10-08 22:50:02.419 [http-nio-8080-exec-3] TwoPhaseLoad - Attribute (`englishMeaning`)  - enhanced for lazy-loading? - false
[DEBUG] 2026-10-08 22:50:02.419 [http-nio-8080-exec-3] TwoPhaseLoad - Processing attribute `germanWord` : value = Katzez
[DEBUG] 2026-10-08 22:50:02.419 [http-nio-8080-exec-3] TwoPhaseLoad - Attribute (`germanWord`)  - enhanced for lazy-loading? - false
[DEBUG] 2026-10-08 22:50:02.419 [http-nio-8080-exec-3] TwoPhaseLoad - Processing attribute `plural` : value = Katzen
[DEBUG] 2026-10-08 22:50:02.419 [http-nio-8080-exec-3] TwoPhaseLoad - Attribute (`plural`)  - enhanced for lazy-loading? - false
[DEBUG] 2026-10-08 22:50:02.419 [http-nio-8080-exec-3] TwoPhaseLoad - Processing attribute `user` : value = 1
[DEBUG] 2026-10-08 22:50:02.419 [http-nio-8080-exec-3] TwoPhaseLoad - Attribute (`user`)  - enhanced for lazy-loading? - false
[DEBUG] 2026-10-08 22:50:02.419 [http-nio-8080-exec-3] TwoPhaseLoad - Done materializing entity [fonik.app.entity.Vocabulary#6]
[DEBUG] 2026-10-08 22:50:02.426 [http-nio-8080-exec-3] LogicalConnectionManagedImpl - Initiating JDBC connection release from afterTransaction
[DEBUG] 2026-10-08 22:50:02.445 [http-nio-8080-exec-3] CriteriaQueryImpl - Rendered criteria query -> select generatedAlias0 from User as generatedAlias0
[DEBUG] 2026-10-08 22:50:02.447 [http-nio-8080-exec-3] QueryTranslatorImpl - parse() - HQL: select generatedAlias0 from fonik.app.entity.User as generatedAlias0
[DEBUG] 2026-10-08 22:50:02.447 [http-nio-8080-exec-3] ErrorTracker - throwQueryException() : no errors
[DEBUG] 2026-10-08 22:50:02.447 [http-nio-8080-exec-3] QueryTranslatorImpl - --- HQL AST ---
 \-[QUERY] Node: 'query'
    \-[SELECT_FROM] Node: 'SELECT_FROM'
       +-[FROM] Node: 'from'
       |  \-[RANGE] Node: 'RANGE'
       |     +-[DOT] Node: '.'
       |     |  +-[DOT] Node: '.'
       |     |  |  +-[DOT] Node: '.'
       |     |  |  |  +-[IDENT] Node: 'fonik'
       |     |  |  |  \-[IDENT] Node: 'app'
       |     |  |  \-[IDENT] Node: 'entity'
       |     |  \-[IDENT] Node: 'User'
       |     \-[ALIAS] Node: 'generatedAlias0'
       \-[SELECT] Node: 'select'
          \-[IDENT] Node: 'generatedAlias0'

[DEBUG] 2026-10-08 22:50:02.447 [http-nio-8080-exec-3] HqlSqlBaseWalker - select << begin [level=1, statement=select]
[DEBUG] 2026-10-08 22:50:02.447 [http-nio-8080-exec-3] FromElement - FromClause{level=1} : fonik.app.entity.User (generatedAlias0) -> user0_
[DEBUG] 2026-10-08 22:50:02.451 [http-nio-8080-exec-3] FromReferenceNode - Resolved : generatedAlias0 -> user0_.id
[DEBUG] 2026-10-08 22:50:02.451 [http-nio-8080-exec-3] HqlSqlBaseWalker - select : finishing up [level=1, statement=select]
[DEBUG] 2026-10-08 22:50:02.451 [http-nio-8080-exec-3] HqlSqlWalker - processQuery() :  ( SELECT ( {select clause} user0_.id ) ( FromClause{level=1} users user0_ ) )
[DEBUG] 2026-10-08 22:50:02.451 [http-nio-8080-exec-3] JoinProcessor - Tables referenced from query nodes:
 \-QueryNode
    +-SelectClause
    | referencedTables(entity User): [users]
    |  +-IdentNode
    |  | persister: SingleTableEntityPersister(fonik.app.entity.User)
    |  | originalText: generatedAlias0
    |  \-SqlFragment
    \-FromClause
       \-FromElement

[DEBUG] 2026-10-08 22:50:02.451 [http-nio-8080-exec-3] JoinProcessor - Using FROM fragment [users user0_]
[DEBUG] 2026-10-08 22:50:02.451 [http-nio-8080-exec-3] HqlSqlBaseWalker - select >> end [level=1, statement=select]
[DEBUG] 2026-10-08 22:50:02.453 [http-nio-8080-exec-3] QueryTranslatorImpl - --- SQL AST ---
 \-[SELECT] QueryNode: 'SELECT'  querySpaces (users)
    +-[SELECT_CLAUSE] SelectClause: '{select clause}'
    |  +-[ALIAS_REF] IdentNode: 'user0_.id as id1_0_' {alias=generatedAlias0, className=fonik.app.entity.User, tableAlias=user0_}
    |  \-[SQL_TOKEN] SqlFragment: 'user0_.email as email2_0_, user0_.password as password3_0_, user0_.username as username4_0_'
    \-[FROM] FromClause: 'from' FromClause{level=1, fromElementCounter=1, fromElements=1, fromElementByClassAlias=[generatedAlias0], fromElementByTableAlias=[user0_], fromElementsByPath=[], collectionJoinFromElementsByPath=[], impliedElements=[]}
       \-[FROM_FRAGMENT] FromElement: 'users user0_' FromElement{explicit,not a collection join,not a fetch join,fetch non-lazy properties,classAlias=generatedAlias0,role=null,tableName=users,tableAlias=user0_,origin=null,columns={,className=fonik.app.entity.User}}

[DEBUG] 2026-10-08 22:50:02.453 [http-nio-8080-exec-3] ErrorTracker - throwQueryException() : no errors
[DEBUG] 2026-10-08 22:50:02.453 [http-nio-8080-exec-3] QueryTranslatorImpl - HQL: select generatedAlias0 from fonik.app.entity.User as generatedAlias0
[DEBUG] 2026-10-08 22:50:02.453 [http-nio-8080-exec-3] QueryTranslatorImpl - SQL: select user0_.id as id1_0_, user0_.email as email2_0_, user0_.password as password3_0_, user0_.username as username4_0_ from users user0_
[DEBUG] 2026-10-08 22:50:02.453 [http-nio-8080-exec-3] ErrorTracker - throwQueryException() : no errors
[DEBUG] 2026-10-08 22:50:02.453 [http-nio-8080-exec-3] SQL - select user0_.id as id1_0_, user0_.email as email2_0_, user0_.password as password3_0_, user0_.username as username4_0_ from users user0_
[DEBUG] 2026-10-08 22:50:02.455 [http-nio-8080-exec-3] Loader - Result set row: 0
[DEBUG] 2026-10-08 22:50:02.457 [http-nio-8080-exec-3] Loader - Result row: EntityKey[fonik.app.entity.User#1]
[DEBUG] 2026-10-08 22:50:02.457 [http-nio-8080-exec-3] TwoPhaseLoad - Resolving attributes for [fonik.app.entity.User#1]
[DEBUG] 2026-10-08 22:50:02.457 [http-nio-8080-exec-3] TwoPhaseLoad - Processing attribute `email` : value = test@example.com
[DEBUG] 2026-10-08 22:50:02.457 [http-nio-8080-exec-3] TwoPhaseLoad - Attribute (`email`)  - enhanced for lazy-loading? - false
[DEBUG] 2026-10-08 22:50:02.457 [http-nio-8080-exec-3] TwoPhaseLoad - Processing attribute `password` : value = test123
[DEBUG] 2026-10-08 22:50:02.457 [http-nio-8080-exec-3] TwoPhaseLoad - Attribute (`password`)  - enhanced for lazy-loading? - false
[DEBUG] 2026-10-08 22:50:02.457 [http-nio-8080-exec-3] TwoPhaseLoad - Processing attribute `username` : value = testuser
[DEBUG] 2026-10-08 22:50:02.457 [http-nio-8080-exec-3] TwoPhaseLoad - Attribute (`username`)  - enhanced for lazy-loading? - false
[DEBUG] 2026-10-08 22:50:02.457 [http-nio-8080-exec-3] TwoPhaseLoad - Processing attribute `vocabulary` : value = NOT NULL COLLECTION
[DEBUG] 2026-10-08 22:50:02.457 [http-nio-8080-exec-3] TwoPhaseLoad - Attribute (`vocabulary`)  - enhanced for lazy-loading? - false
[DEBUG] 2026-10-08 22:50:02.457 [http-nio-8080-exec-3] TwoPhaseLoad - Done materializing entity [fonik.app.entity.User#1]
[DEBUG] 2026-10-08 22:50:02.459 [http-nio-8080-exec-3] LogicalConnectionManagedImpl - Initiating JDBC connection release from afterTransaction
[DEBUG] 2026-10-08 22:50:24.985 [Hibernate Connection Pool Validation Thread] DriverManagerConnectionProviderImpl - Connection pool now considered primed; min-size will be maintained
